  bash arg: --ignore-crashes
  bash arg: --ignore-timeouts
  bash arg: --ignore-security-exceptions
  bash arg: --throttle
  bash arg: 200
  bash arg: 1000
args: [--ignore-crashes, --ignore-timeouts, --ignore-security-exceptions, --throttle, 200, 1000]
 arg: "--ignore-crashes"
 arg: "--ignore-timeouts"
 arg: "--ignore-security-exceptions"
 arg: "--throttle"
 arg: "200"
 arg: "1000"
arg="--ignore-crashes" mCurArgData="null" mNextArg=1 argwas="--ignore-crashes" nextarg="--ignore-timeouts"
arg="--ignore-timeouts" mCurArgData="null" mNextArg=2 argwas="--ignore-timeouts" nextarg="--ignore-security-exceptions"
arg="--ignore-security-exceptions" mCurArgData="null" mNextArg=3 argwas="--ignore-security-exceptions" nextarg="--throttle"
arg="--throttle" mCurArgData="null" mNextArg=4 argwas="--throttle" nextarg="200"
data="200"
    // activityResuming(com.android.calculator2)
Got IOException performing flipjava.io.FileNotFoundException: /dev/input/event0: open failed: EACCES (Permission denied)
    // Injection Failed
Got IOException performing flipjava.io.FileNotFoundException: /dev/input/event0: open failed: EACCES (Permission denied)
    // Injection Failed
    // activityResuming(com.android.settings)
    // activityResuming(com.android.settings)
Events injected: 1000
## Network stats: elapsed time=50115ms (0ms mobile, 0ms wifi, 50115ms not connected)
