Starting OrangeFox Recovery R11.3 [default, core: R11.3] (built on Mon Dec 15 22:45:50 2025 for P13001L [dev_ver: 2025-12-06 (27b79a94)]; pid 308)
I:=> product model: 'itel P13001L'
I:=> using device id: 'itel_P13001L'
I:TW_NO_HAPTICS := true
RECOVERY_SDCARD_ON_DATA := true
TW_NO_USB_STORAGE := true
TW_INCLUDE_FASTBOOTD := true
PRODUCT_USE_DYNAMIC_PARTITIONS := true
TW_INCLUDE_CRYPTO := true
I:Found brightness file at '/sys/class/leds/lcd-backlight/brightness'
I:TWFunc::Set_Brightness: Setting brightness control to 25
I:TW_EXCLUDE_ENCRYPTED_BACKUPS := true
I:LANG: en
I:AB_OTA_UPDATER := true
I:Startup Commands: 
=> Linking mtab
=> Processing /etc/recovery.fstab
I:Reading /etc/twrp.flags
I:Reading /etc/recovery.fstab
I:Processing '/system'
I:Created '/system_root' folder.
I:Trying to prepare system from super partition
I:Symlinking /dev/block/dm-4 => /dev/block/bootdevice/by-name/system 
I:Symlinking /dev/block/dm-4 => /dev/block/by-name/system 
I:Found an additional entry for '/system'
I:Processing '/system'
I:Processing '/vendor'
I:Trying to prepare vendor from super partition
I:Symlinking /dev/block/dm-6 => /dev/block/bootdevice/by-name/vendor 
I:Symlinking /dev/block/dm-6 => /dev/block/by-name/vendor 
I:Found an additional entry for '/vendor'
I:Processing '/vendor'
I:Processing '/product'
I:Trying to prepare product from super partition
I:Symlinking /dev/block/dm-3 => /dev/block/bootdevice/by-name/product 
I:Symlinking /dev/block/dm-3 => /dev/block/by-name/product 
I:Found an additional entry for '/product'
I:Processing '/product'
I:Processing '/system_ext'
I:Created '/system_ext' folder.
I:Trying to prepare system_ext from super partition
I:Symlinking /dev/block/dm-5 => /dev/block/bootdevice/by-name/system_ext 
I:Symlinking /dev/block/dm-5 => /dev/block/by-name/system_ext 
I:Found an additional entry for '/system_ext'
I:Processing '/system_ext'
I:Processing '/vendor_dlkm'
I:Trying to prepare vendor_dlkm from super partition
I:Symlinking /dev/block/dm-7 => /dev/block/bootdevice/by-name/vendor_dlkm 
I:Symlinking /dev/block/dm-7 => /dev/block/by-name/vendor_dlkm 
I:Found an additional entry for '/vendor_dlkm'
I:Processing '/vendor_dlkm'
I:Processing '/odm_dlkm'
I:Trying to prepare odm_dlkm from super partition
I:Symlinking /dev/block/dm-2 => /dev/block/bootdevice/by-name/odm_dlkm 
I:Symlinking /dev/block/dm-2 => /dev/block/by-name/odm_dlkm 
I:Found an additional entry for '/odm_dlkm'
I:Processing '/odm_dlkm'
I:Processing '/metadata'
I:Processing '/data'
I:Unhandled flag: 'latemount'
I:Unhandled flag: 'reservedsize=128m'
I:Unhandled flag: 'checkpoint=fs'
I:FBE contents 'aes-256-xts', filenames 'aes-256-cts:v2+inlinecrypt_optimized'
I:setting Key_Directory to: /metadata/vold/metadata_encryption
I:Unhandled flag: 'fsverity'
I:Processing '/misc'
I:Processing remaining twrp.flags
I:Processing '/boot'
I:Processing '/dtbo'
I:Processing '/expdb'
I:Processing '/external_sd'
I:Created '/external_sd' folder.
I:Processing '/logo'
I:Processing '/nvcfg'
I:Processing '/nvdata'
I:Processing '/nvram'
I:Processing '/odm_dlkm_image'
I:Processing '/otp'
I:Processing '/persist'
I:Processing '/persistent'
I:Processing '/product_image'
I:Processing '/protect_f'
I:Processing '/protect_s'
I:Processing '/seccfg'
I:Processing '/spmfw'
I:Processing '/system_ext_image'
I:Processing '/system_image'
I:Processing '/tee1'
I:Processing '/tee2'
I:Processing '/usb_otg'
I:Created '/usb_otg' folder.
I:Processing '/vbmeta'
I:Processing '/vbmeta_system'
I:Processing '/vbmeta_vendor'
I:Processing '/vendor_boot'
I:Processing '/vendor_dlkm_image'
I:Processing '/vendor_image'
I:Setting 'external_storage.casefold.enabled' to '1' from /vendor/build.prop
I:Setting 'external_storage.sdcardfs.enabled' to '0' from /vendor/build.prop
I:GetFstabPath: /odm/etc/fstab.mt8781
I:GetFstabPath: /vendor/etc/fstab.mt8781
I:Fstab: /vendor/etc/fstab.mt8781
I:Reading /etc/additional.fstab
I:Processing '/metadata'
I:Unhandled flag: 'first_stage_mount'
I:Processing '/data'
I:Unhandled flag: 'latemount'
I:Unhandled flag: 'reservedsize=128m'
I:Unhandled flag: 'checkpoint=fs'
I:FBE contents 'aes-256-xts', filenames 'aes-256-cts:v2+inlinecrypt_optimized'
I:setting Key_Directory to: /metadata/vold/metadata_encryption
I:Unhandled flag: 'fsverity'
I:Done processing fstab files
I:Property ro.boot.product.vendor.sku not found, trying to get vintf manifest file name from ro.board.platform
I:Separate manifest doesn't exist for 'android.hardware.keymaster'
I:/vendor/etc/vintf/manifest_mt6789.xml not found. Using default path for manifest.xml
I:PageManager::LoadFileToBuffer loading filename: '/vendor/etc/vintf/manifest.xml' directly
I:Looking for 'android.hardware.keymaster' service in manifest
I:Keymaster_Ver::Unable to find vendor manifest on the device, and no default value set. Checking the ramdisk manifest
I:Property ro.boot.product.vendor.sku not found, trying to get vintf manifest file name from ro.board.platform
I:Separate manifest doesn't exist for 'android.hardware.keymaster'
I:/vendor/etc/vintf/manifest_mt6789.xml not found. Using default path for manifest.xml
I:PageManager::LoadFileToBuffer loading filename: '/vendor/etc/vintf/manifest.xml' directly
I:Looking for 'android.hardware.keymaster' service in manifest
I:Keymaster_Ver::Using keymaster version '4.x' for decryption
Starting the UI...
Skipping adf graphics -- not present in build tree
width: 1200, height: 1920
setting DRM_FORMAT_XBGR8888 and GGL_PIXEL_FORMAT_RGBA_8888
setting DRM_FORMAT_XBGR8888 and GGL_PIXEL_FORMAT_RGBA_8888
Could not find obj_id = 34
Could not find obj_id = 46
Atomic Commit succeedUsing drm graphics.
I:TWFunc::Set_Brightness: Setting brightness control to 25
I:Loading package: splash (/twres/splash.xml)
I:Load XML directly
I:PageManager::LoadFileToBuffer loading filename: '/twres/splash.xml' directly
I:Checking resolution...
I:Scaling theme width 1.111111x and height 1.000000x, offsets x: 0 y: 0 w: 0 h: 0
I:Loading resources...
I:Loading variables...
I:Loading mouse cursor...
I:Loading pages...
I:Loading page splash
I:Switching packages (splash)
I:Found mouse 'mid_mouse'
I:Setting up '/data' as data/media emulated storage.
I:Adding user-defined path '/data/fonts/files' to the backup exclusions
I:Setup_Data_Partition::Key_Directory::/metadata/vold/metadata_encryption
I:Setting up '/data' as data/media emulated storage.
I:Adding user-defined path '/data/fonts/files' to the backup exclusions
I:Not recreating media folder on FBE
I:Apex is disabled in this build
I:Backup folder set to '/data/media/Fox/BACKUPS/itel_P13001L'
I:Settings storage is '/data/media'
I:Decrypt adopted storage starting
I:PageManager::LoadFileToBuffer loading filename: '/data/system/storage.xml' directly
I:No /data/system/storage.xml for adopted storage
Updating partition details...
I:cmd: /system/bin/exfat-fuse -o big_writes,max_read=131072,max_write=131072 /dev/block/mmcblk0p1 /external_sd
WARN: volume was not unmounted cleanly.
I:Data backup size is 0MB, free: 230891MB.
...done
/super | /dev/block/by-name/super | Size: 0MB
   Flags: Can_Be_Backed_Up IsPresent Can_Flash_Img 
   Alternate_Block_Device: /dev/block/by-name/super
   Display_Name: super
   Backup_Path: /super
   Backup_Name: super
   Backup_Display_Name: Super (system vendor product system_ext)
   Current_File_System: emmc
   Backup_Method: dd

I:Unmounting main partitions...
I:Loading package: OrangeFox (/twres/ui.xml)
I:Load XML directly
I:PageManager::LoadFileToBuffer loading filename: '/twres/languages/zn_TW.xml' directly
I:PageManager::LoadFileToBuffer loading filename: '/twres/languages/zh_CN.xml' directly
I:PageManager::LoadFileToBuffer loading filename: '/twres/languages/ua.xml' directly
I:PageManager::LoadFileToBuffer loading filename: '/twres/languages/tr.xml' directly
I:PageManager::LoadFileToBuffer loading filename: '/twres/languages/ru.xml' directly
I:PageManager::LoadFileToBuffer loading filename: '/twres/languages/ro.xml' directly
I:PageManager::LoadFileToBuffer loading filename: '/twres/languages/pt_PT.xml' directly
I:PageManager::LoadFileToBuffer loading filename: '/twres/languages/pl.xml' directly
I:PageManager::LoadFileToBuffer loading filename: '/twres/languages/it.xml' directly
I:PageManager::LoadFileToBuffer loading filename: '/twres/languages/id.xml' directly
I:PageManager::LoadFileToBuffer loading filename: '/twres/languages/hu.xml' directly
I:PageManager::LoadFileToBuffer loading filename: '/twres/languages/fr.xml' directly
I:PageManager::LoadFileToBuffer loading filename: '/twres/languages/es-ES.xml' directly
I:PageManager::LoadFileToBuffer loading filename: '/twres/languages/en.xml' directly
I:PageManager::LoadFileToBuffer loading filename: '/twres/languages/el.xml' directly
I:PageManager::LoadFileToBuffer loading filename: '/twres/languages/de.xml' directly
I:PageManager::LoadFileToBuffer loading filename: '/twres/languages/cs.xml' directly
I:PageManager::LoadFileToBuffer loading filename: '/twres/languages/en.xml' directly
parsing languageFile
parsing languageFile done
I:PageManager::LoadFileToBuffer loading filename: '/twres/ui.xml' directly
I:Checking resolution...
I:Scaling theme width 1.111111x and height 1.000000x, offsets x: 0 y: 0 w: 0 h: 0
I:Loading resources...
I:Loading variables...
I:Loading mouse cursor...
I:Loading pages...
I:Including file: /sdcard/Fox/.navbar/navbar.xml...
I:PageManager::LoadFileToBuffer loading filename: '/sdcard/Fox/.navbar/navbar.xml' directly
I:PageManager::LoadFileToBuffer loading filename: '/twres/themes/navbar.xml' directly
I:Loading resources...
I:Loading variables...
I:Loading mouse cursor...
I:Loading pages...
I:Including file: /sdcard/Fox/.theme/font.xml...
I:PageManager::LoadFileToBuffer loading filename: '/sdcard/Fox/.theme/font.xml' directly
I:PageManager::LoadFileToBuffer loading filename: '/twres/themes/font.xml' directly
I:Loading resources...
I:Loading variables...
I:Loading mouse cursor...
I:Loading pages...
I:Including file: /sdcard/Fox/.theme/style.xml...
I:PageManager::LoadFileToBuffer loading filename: '/sdcard/Fox/.theme/style.xml' directly
I:PageManager::LoadFileToBuffer loading filename: '/twres/themes/style.xml' directly
I:Loading resources...
I:Failed to load image from Default/Progress/indeterminate033, error -1
I:Loading variables...
I:Loading mouse cursor...
I:Loading pages...
I:Including file: /sdcard/Fox/.theme/accent.xml...
I:PageManager::LoadFileToBuffer loading filename: '/sdcard/Fox/.theme/accent.xml' directly
I:PageManager::LoadFileToBuffer loading filename: '/twres/themes/accent.xml' directly
I:Loading resources...
I:Loading variables...
I:Loading mouse cursor...
I:Loading pages...
I:Including file: /sdcard/Fox/.theme/action.xml...
I:PageManager::LoadFileToBuffer loading filename: '/sdcard/Fox/.theme/action.xml' directly
I:PageManager::LoadFileToBuffer loading filename: '/twres/themes/action.xml' directly
I:Loading resources...
I:Loading variables...
I:Loading mouse cursor...
I:Loading pages...
I:Including file: /twres/resources/images.xml...
I:PageManager::LoadFileToBuffer loading filename: '/twres/resources/images.xml' directly
I:Loading resources...
I:Loading variables...
I:Loading mouse cursor...
I:Loading pages...
I:Including file: /twres/resources/vars.xml...
I:PageManager::LoadFileToBuffer loading filename: '/twres/resources/vars.xml' directly
I:Loading resources...
I:Loading variables...
I:Loading mouse cursor...
I:Loading pages...
I:Including file: /twres/resources/styles.xml...
I:PageManager::LoadFileToBuffer loading filename: '/twres/resources/styles.xml' directly
I:Loading resources...
I:Loading variables...
I:Loading mouse cursor...
I:Loading pages...
I:Including file: /twres/pages/templates/base.xml...
I:PageManager::LoadFileToBuffer loading filename: '/twres/pages/templates/base.xml' directly
I:Loading resources...
I:Loading variables...
I:Loading mouse cursor...
I:Loading pages...
I:Including file: /twres/pages/templates/keyboard.xml...
I:PageManager::LoadFileToBuffer loading filename: '/twres/pages/templates/keyboard.xml' directly
I:Loading resources...
I:Loading variables...
I:Loading mouse cursor...
I:Loading pages...
I:Including file: /twres/pages/templates/navbar.xml...
I:PageManager::LoadFileToBuffer loading filename: '/twres/pages/templates/navbar.xml' directly
I:Loading resources...
I:Loading variables...
I:Loading mouse cursor...
I:Loading pages...
I:Including file: /twres/pages/templates/statusbar.xml...
I:PageManager::LoadFileToBuffer loading filename: '/twres/pages/templates/statusbar.xml' directly
I:Loading resources...
I:Loading variables...
I:Loading mouse cursor...
I:Loading pages...
I:Including file: /twres/pages/templates/templates.xml...
I:PageManager::LoadFileToBuffer loading filename: '/twres/pages/templates/templates.xml' directly
I:Loading resources...
I:Loading variables...
I:Loading mouse cursor...
I:Loading pages...
I:Including file: /twres/pages/main.xml...
I:PageManager::LoadFileToBuffer loading filename: '/twres/pages/main.xml' directly
I:Loading resources...
I:Loading variables...
I:Loading mouse cursor...
I:Loading pages...
I:Loading page main
I:Loading page navbar
I:Loading page welcome
I:Loading page aroma_busy
I:Loading page fastboot
I:Including file: /twres/pages/pass.xml...
I:PageManager::LoadFileToBuffer loading filename: '/twres/pages/pass.xml' directly
I:Loading resources...
I:Loading variables...
I:Loading mouse cursor...
I:Loading pages...
I:Loading page password_enter
I:Loading page password_enter_num
I:Loading page password_enter_pattern
I:Loading page password_check
I:Loading page pass_pattern
I:Loading page pass_pattern_2
I:Loading page pass_text
I:Loading page pass_text_2
I:Loading page pass_pin
I:Loading page pass_pin_2
I:Loading page pass_remove
I:Loading page pass_check
I:Including file: /twres/pages/install.xml...
I:PageManager::LoadFileToBuffer loading filename: '/twres/pages/install.xml' directly
I:Loading resources...
I:Loading variables...
I:Loading mouse cursor...
I:Loading pages...
I:Loading page flash_confirm
I:Loading page fox_modules_confirm
I:Loading page queueview
I:Loading page flash_image_confirm
I:Loading page flash_image_ab
I:Loading page add_zip
I:Loading page flash_zip
I:Loading page flash_image
I:Loading page flash_done
I:Loading page flash_sleep_and_reboot
I:Loading page flash_image_done
I:Including file: /twres/pages/wipe.xml...
I:PageManager::LoadFileToBuffer loading filename: '/twres/pages/wipe.xml' directly
I:Loading resources...
I:Loading variables...
I:Loading mouse cursor...
I:Loading pages...
I:Loading page wipe
I:Loading page formatdata
I:Loading page formatdata_confirm
I:Loading page wipe_confirm_action
I:Loading page wipe_action_page
I:Loading page wipe_action_complete
I:Loading page checkpartitionlist
I:Loading page partitionoptions
I:Loading page refreshfilesystem
I:Loading page selectfilesystem
I:Loading page part_options
I:Including file: /twres/pages/backup.xml...
I:PageManager::LoadFileToBuffer loading filename: '/twres/pages/backup.xml' directly
I:Loading resources...
I:Loading variables...
I:Loading mouse cursor...
I:Loading pages...
I:Loading page backup
I:Loading page check_storage_back
I:Loading page backup_prep
I:Loading page backupname
I:Loading page backupname_auto
I:Loading page backup_encryption
I:Loading page backup_encryption2
I:Loading page checkbackuppassword
I:Loading page checkbackuppassword2
I:Loading page backup_run
I:Loading page backup_digest
I:Loading page backup_action_complete
I:Including file: /twres/pages/restore.xml...
I:PageManager::LoadFileToBuffer loading filename: '/twres/pages/restore.xml' directly
I:Loading resources...
I:Loading variables...
I:Loading mouse cursor...
I:Loading pages...
I:Loading page restore
I:Loading page restore_prep
I:Loading page restore_read
I:Loading page restore_decrypt
I:Loading page try_restore_decrypt
I:Loading page restore_select
I:Loading page renamebackup
I:Loading page deletebackup
I:Loading page restore_run
I:Loading page restore_confirm_action
I:Loading page restore_action_page
I:Loading page restore_action_complete
I:Including file: /twres/pages/mount.xml...
I:PageManager::LoadFileToBuffer loading filename: '/twres/pages/mount.xml' directly
I:Loading resources...
I:Loading variables...
I:Loading mouse cursor...
I:Loading pages...
I:Loading page mount
I:Loading page usb_mount
I:Loading page system_readonly_check
I:Loading page system_readonly_check_ext_context
I:Loading page system_readonly
I:Loading page system_readonly_mount
I:Loading page decrypt
I:Loading page decrypt_pin
I:Loading page decrypt_pattern
I:Loading page decrypt_redirect
I:Loading page trydecrypt
I:Loading page reapply_settings
I:Loading page decrypt_users
I:Loading page decrypt_users2
I:Including file: /twres/pages/files.xml...
I:PageManager::LoadFileToBuffer loading filename: '/twres/pages/files.xml' directly
I:Loading resources...
I:Loading variables...
I:Loading mouse cursor...
I:Loading pages...
I:Loading page filemanagerlist
I:Loading page file_quick_actions
I:Loading page file_quick_actions_dark
I:Loading page select_path
I:Loading page select_path_dark
I:Loading page files_mkdir
I:Loading page fm_multiselection
I:Loading page fm_ms_actions
I:Loading page file_search
I:Loading page file_dark_search
I:Loading page files_redirect
I:Loading page files_bookmarks_prepare
I:Loading page files_bookmarks
I:Loading page filemanageroptions
I:Loading page openas
I:Loading page fm_file_checksum
I:Loading page fm_file_checksum_calc
I:Loading page fm_file_info
I:Loading page choosedestinationfolder
I:Loading page filemanagerrenamefile
I:Loading page filemanagerrenamefolder
I:Loading page filemanagerchmod
I:Loading page filemanagerchmod_key
I:Loading page filemanagerconfirm
I:Loading page archive_confirm
I:Loading page archive_cmd
I:Loading page filemanageraction
I:Loading page filemanagercomplete
I:Loading page cat_file
I:Including file: /twres/pages/rmmanager.xml...
I:PageManager::LoadFileToBuffer loading filename: '/twres/pages/rmmanager.xml' directly
I:Loading resources...
I:Loading variables...
I:Loading mouse cursor...
I:Loading pages...
I:Loading page modules_mount
I:Loading page modules_unmount
I:Loading page root_modules
I:Unable to open '/data/adb/modules'
I:Unable to open '/data/adb/modules'
I:Loading page module_actions
I:Loading page module_delete
I:Including file: /twres/pages/advanced.xml...
I:PageManager::LoadFileToBuffer loading filename: '/twres/pages/advanced.xml' directly
I:Loading resources...
I:Loading variables...
I:Loading mouse cursor...
I:Loading pages...
I:Loading page advanced
I:Loading page mod_survival
I:Loading page mod_factory_rp
I:Loading page mod_magisk
I:Loading page mod_unmagisk
I:Loading page mod_reset
I:Loading page mod_pass
I:Loading page mod_kernelsu
I:Loading page mod_kernelsu_next
I:Loading page mod_sukisu
I:Loading page fox_modules
I:Loading page partsdcard
I:Loading page terminal
I:Loading page sideload
I:Loading page fixcontexts
I:Loading page apps_load
I:Loading page apps_list
I:Unable to open '/tmp/listapps/list'
I:Unable to open '/tmp/listapps/list'
I:Including file: /twres/pages/reboot.xml...
I:PageManager::LoadFileToBuffer loading filename: '/twres/pages/reboot.xml' directly
I:Loading resources...
I:Loading variables...
I:Loading mouse cursor...
I:Loading pages...
I:Loading page reboot
I:Loading page set_slot
I:Including file: /twres/pages/settings.xml...
I:PageManager::LoadFileToBuffer loading filename: '/twres/pages/settings.xml' directly
I:Loading resources...
I:Loading variables...
I:Loading mouse cursor...
I:Loading pages...
I:Loading page settings
I:Loading page ext_context
I:Loading page ext_general
I:Loading page pass_select
I:Loading page ext_screen
I:Loading page ext_vibrate
I:Loading page ext_backup
I:Loading page ext_time
I:Loading page ext_time_offset
I:Loading page check_zone
I:Loading page ext_time_lang
I:Loading page ext_time_lang_busy
I:Loading page about
I:Loading page about_credits
I:Parsing file: /twres/credits.txt
I:Parsing file: /twres/translators.txt
I:Parsing file: /twres/changelog.txt
I:Loading page ext_gov
I:Loading page ext_backup_quick
I:Including file: /twres/pages/universal.xml...
I:PageManager::LoadFileToBuffer loading filename: '/twres/pages/universal.xml' directly
I:Loading resources...
I:Loading variables...
I:Loading mouse cursor...
I:Loading pages...
I:Loading page filecheck
I:Loading page rebootcheck
I:Loading page rebootcheckoverlay
I:Loading page no_os_warning
I:Loading page clear_vars
I:Loading page confirm_action
I:Loading page action_page
I:Loading page ota_simple
I:Loading page singleaction_page
I:Loading page action_complete
I:Including file: /twres/pages/anywhere.xml...
I:PageManager::LoadFileToBuffer loading filename: '/twres/pages/anywhere.xml' directly
I:Loading resources...
I:Loading variables...
I:Loading mouse cursor...
I:Loading pages...
I:Loading page lock
I:Loading page console
I:Including file: /twres/pages/dialogs.xml...
I:PageManager::LoadFileToBuffer loading filename: '/twres/pages/dialogs.xml' directly
I:Loading resources...
I:Loading variables...
I:Loading mouse cursor...
I:Loading pages...
I:Loading page menu
I:Loading page menu_sort
I:Loading page fm_sort
I:Loading page dialog_magisk_not_found
I:Loading page dialog_modules_cannot_mount
I:Loading page dialog_reset_average
I:Loading page dialog_lost_info
I:Loading page dialog_app
I:Loading page dialog_error_partition
I:Loading page pass_error
I:Loading page dialog_enable_hw_mode
I:Including file: /twres/pages/customization.xml...
I:PageManager::LoadFileToBuffer loading filename: '/twres/pages/customization.xml' directly
I:Loading resources...
I:Loading variables...
I:Loading mouse cursor...
I:Loading pages...
I:Loading page ext_custom_reset
I:Loading page ext_custom_gest
I:Loading page ext_custom
I:Loading page ext_custom_status
I:Loading page ext_custom_key
I:Loading page ext_custom_lock
I:Loading page ext_custom_nav
I:Loading page ext_custom_other
I:Loading page ext_custom_nav_error
I:Loading page ext_custom_nav_no_switch
I:Loading page ext_custom_fonts_check
I:Loading page ext_custom_fonts
I:Loading page ext_custom_fonts_sec
I:Loading page ext_custom_fonts_size
I:Loading page ext_custom_fonts_cn
I:Loading page ext_custom_theme
I:Loading page ext_custom_splash
I:Loading page ext_custom_splash_color
I:Loading page ext_custom_splash_logo
I:Loading page ext_custom_splash_select
I:Loading page apply_changes
I:Loading page apply_splash
I:Loading page get_splash_info
I:Including file: /twres/pages/fox.xml...
I:PageManager::LoadFileToBuffer loading filename: '/twres/pages/fox.xml' directly
I:Loading resources...
I:Loading variables...
I:Loading mouse cursor...
I:Loading pages...
I:Loading page fox_ota
I:Loading page fox_ota_lite
I:Loading page fox_lab
I:Loading page debug_pages
I:Loading page debug
I:Loading page debug_plus
I:Loading page scaling
I:Including file: /sbin/maintainer.xml...
I:PageManager::LoadFileToBuffer loading filename: '/sbin/maintainer.xml' directly
I:PageManager::LoadFileToBuffer loading filename: '/twres/pages/dummy.xml' directly
I:Loading resources...
I:Loading variables...
I:Loading mouse cursor...
I:Loading pages...
I:Loading page maintainer
I:Switching packages (OrangeFox)
ro.boot.bootreason=PowerKey
ro.boot.mode=recovery
ro.boot.vbmeta.size=10944
ro.boot.vbmeta.digest=225698f3ccfa784698b0bf1333fb019b514c491f0db228012b2a34efc201f88e
ro.boot.vbmeta.hash_alg=sha256
ro.boot.vbmeta.avb_version=1.2
ro.boot.vbmeta.device_state=unlocked
ro.boot.dtb_idx=0
ro.boot.phandle=
ro.boot.dtbo_idx=0
ro.boot.hardware=mt8781
ro.boot.veritymode=enforcing
ro.boot.veritymode.managed=yes
ro.boot.boot_devices=bootdevice,soc/11270000.ufshci,11270000.ufshci
ro.boot.verifiedbootstate=orange
ro.baseband=unknown
ro.bootmode=recovery
ro.hardware=mt8781
ro.revision=0
ro.bootloader=unknown
ro.boottime.mtk.plpath.utils.link=2606236481
ro.boottime.adbd=2609817789
ro.boottime.init=504143733
ro.boottime.init.modules=1369
ro.boottime.init.selinux=169043478
ro.boottime.init.first_stage=1416892987
ro.boottime.init.cold_boot_wait=199
ro.boottime.logd=2335588838
ro.boottime.teed=2593069479
ro.boottime.vendor.gatekeeper-1-0=2615703558
ro.boottime.vendor.keymint-trustkernel=2612577097
ro.boottime.ueventd=2128324202
ro.boottime.recovery=2598023249
ro.boottime.keystore2=2343429070
ro.boottime.boot-hal-1-2=2601409711
ro.boottime.health-hal-2-1=2603521173
ro.boottime.servicemanager=2339489454
ro.boottime.hwservicemanager=2337605146
ro.boottime.vndservicemanager=2341416146
ro.product.bootimage.name=gsi_arm64
ro.product.bootimage.brand=Android
ro.product.bootimage.model=GSI on ARM64
ro.product.bootimage.device=generic_arm64
ro.product.bootimage.manufacturer=unknown
ro.bootimage.build.id=SGR1.231107.001.A3
ro.bootimage.build.date=Mon Jan  8 03:19:57 UTC 2024
ro.bootimage.build.date.utc=1704683997
ro.bootimage.build.tags=release-keys
ro.bootimage.build.type=user
ro.bootimage.build.version.sdk=31
ro.bootimage.build.version.release=12
ro.bootimage.build.version.incremental=11283500
ro.bootimage.build.version.release_or_codename=12
ro.bootimage.build.fingerprint=Android/gsi_arm64/generic_arm64:12/SGR1.231107.001.A3/11283500:user/release-keys
ro.odm.build.date=Mon Dec 15 21:51:05 UTC 2025
ro.odm.build.date.utc=1765835465
ro.odm.build.version.incremental=eng.runner.20251215.215404
ro.odm.build.fingerprint=Itel/P13001L-GL/itel-P13001L:14/UP1A.231005.007/1728750305:user/release-keys
ro.product.odm.name=fox_P13001L
ro.product.odm.brand=Itel
ro.product.odm.model=itel P13001L
ro.product.odm.device=P13001L
ro.product.odm.manufacturer=ITEL
ro.adb.secure=0
ro.build.id=SP2A.220405.004
ro.build.date=Mon Dec 15 21:51:05 UTC 2025
ro.build.date.utc=1765838750
ro.build.host=runnervm68cqq
ro.build.tags=test-keys
ro.build.type=eng
ro.build.user=runner
ro.build.flavor=fox_P13001L-eng
ro.build.display.id=fox_P13001L-eng 12 SP2A.220405.004 eng.runner.20251215.215404 test-keys
ro.build.product=P13001L
ro.build.version.sdk=32
ro.build.version.base_os=
ro.build.version.release=12
ro.build.version.codename=REL
ro.build.version.incremental=eng.runner.20251215.215404
ro.build.version.preview_sdk=0
ro.build.version.all_codenames=REL
ro.build.version.security_patch=2099-12-05
ro.build.version.release_or_codename=12
ro.build.version.preview_sdk_fingerprint=REL
ro.build.version.min_supported_target_sdk=23
ro.build.description=P13001L-GL-user 12 UP1A.231005.007 1728750305 release-keys
ro.build.characteristics=default
ro.secure=0
ro.system.build.id=SP2A.220405.004
ro.system.build.date=Mon Dec 15 21:51:05 UTC 2025
ro.system.build.date.utc=1765835465
ro.system.build.tags=test-keys
ro.system.build.type=eng
ro.system.build.version.sdk=32
ro.system.build.version.release=12
ro.system.build.version.incremental=eng.runner.20251215.215404
ro.system.build.version.release_or_codename=12
ro.system.build.fingerprint=Itel/P13001L-GL/itel-P13001L:14/UP1A.231005.007/1728750305:user/release-keys
ro.treble.enabled=true
ro.product.cpu.abi=arm64-v8a
ro.product.cpu.abilist=arm64-v8a
ro.product.cpu.abilist32=
ro.product.cpu.abilist64=arm64-v8a
ro.product.name=fox_P13001L
ro.product.brand=Itel
ro.product.build.id=SP2A.220405.004
ro.product.build.date=Mon Dec 15 21:51:05 UTC 2025
ro.product.build.date.utc=1765835465
ro.product.build.tags=test-keys
ro.product.build.type=eng
ro.product.build.version.sdk=32
ro.product.build.version.release=12
ro.product.build.version.incremental=eng.runner.20251215.215404
ro.product.build.version.release_or_codename=12
ro.product.build.fingerprint=Itel/P13001L-GL/itel-P13001L:14/UP1A.231005.007/1728750305:user/release-keys
ro.product.model=itel P13001L
ro.product.device=P13001L
ro.product.system.name=fox_P13001L
ro.product.system.brand=Itel
ro.product.system.model=itel P13001L
ro.product.system.device=P13001L
ro.product.system.manufacturer=ITEL
ro.product.product.name=fox_P13001L
ro.product.product.brand=Itel
ro.product.product.model=itel P13001L
ro.product.product.device=P13001L
ro.product.product.manufacturer=ITEL
ro.product.system_ext.name=fox_P13001L
ro.product.system_ext.brand=Itel
ro.product.system_ext.model=itel P13001L
ro.product.system_ext.device=P13001L
ro.product.system_ext.manufacturer=ITEL
ro.product.manufacturer=ITEL
ro.debuggable=1
ro.system_ext.build.id=SP2A.220405.004
ro.system_ext.build.date=Mon Dec 15 21:51:05 UTC 2025
ro.system_ext.build.date.utc=1765835465
ro.system_ext.build.tags=test-keys
ro.system_ext.build.type=eng
ro.system_ext.build.version.sdk=32
ro.system_ext.build.version.release=12
ro.system_ext.build.version.incremental=eng.runner.20251215.215404
ro.system_ext.build.version.release_or_codename=12
ro.system_ext.build.fingerprint=Itel/P13001L-GL/itel-P13001L:14/UP1A.231005.007/1728750305:user/release-keys
ro.actionable_compatible_property.enabled=true
ro.vendor.build.id=SP2A.220405.004
ro.vendor.build.date=Mon Dec 15 21:51:05 UTC 2025
ro.vendor.build.date.utc=1765835465
ro.vendor.build.tags=test-keys
ro.vendor.build.type=eng
ro.vendor.build.version.sdk=32
ro.vendor.build.version.release=12
ro.vendor.build.version.incremental=eng.runner.20251215.215404
ro.vendor.build.version.release_or_codename=12
ro.vendor.build.fingerprint=Itel/P13001L-GL/itel-P13001L:14/UP1A.231005.007/1728750305:user/release-keys
ro.vendor.product.cpu.abilist=arm64-v8a
ro.vendor.product.cpu.abilist32=
ro.vendor.product.cpu.abilist64=arm64-v8a
ro.product.board=mgvi_t_64_armv82
ro.product.vendor.name=fox_P13001L
ro.product.vendor.brand=Itel
ro.product.vendor.model=itel P13001L
ro.product.vendor.device=P13001L
ro.product.vendor.manufacturer=ITEL
ro.product.first_api_level=32
ro.cold_boot_done=true
ro.bionic.arch=arm64
ro.bionic.2nd_arch=arm
ro.bionic.cpu_variant=cortex-a76
ro.bionic.2nd_cpu_variant=cortex-a55
ro.dalvik.vm.native.bridge=0
ro.zygote=zygote64
dalvik.vm.isa.arm.variant=cortex-a55
dalvik.vm.isa.arm.features=default
dalvik.vm.isa.arm64.variant=cortex-a76
dalvik.vm.isa.arm64.features=default
dalvik.vm.dexopt.secondary=true
dalvik.vm.dexopt.thermal-cutoff=2
dalvik.vm.usejit=true
dalvik.vm.madvise.artfile.size=4294967295
dalvik.vm.madvise.odexfile.size=104857600
dalvik.vm.madvise.vdexfile.size=104857600
dalvik.vm.lockprof.threshold=500
dalvik.vm.dex2oat-Xms=64m
dalvik.vm.dex2oat-Xmx=512m
dalvik.vm.minidebuginfo=true
dalvik.vm.appimageformat=lz4
dalvik.vm.usejitprofiles=true
dalvik.vm.image-dex2oat-Xms=64m
dalvik.vm.image-dex2oat-Xmx=64m
dalvik.vm.image-dex2oat-filter=extract
dalvik.vm.dex2oat-minidebuginfo=true
dalvik.vm.dex2oat-max-image-block-size=524288
dalvik.vm.dex2oat-resolve-startup-strings=true
dalvik.vm.dex2oat-updatable-bcp-packages-file=/system/etc/updatable-bcp-packages.txt
persist.sys.dalvik.vm.lib.2=libart.so
debug.atrace.tags.enableflags=0
ro.product.debugfs_restrictions.enabled=true
ro.sys.usb.storage.type=mtp
ro.twrp.target.devices=P13001L,itel-P13001L,P13001L-GL
ro.twrp.fastbootd=0
ro.twrp.vendor_boot=true
ro.wifi.channels=
ro.allow.mock.location=1
ro.build.date.utc_fox=1765838750
ro.build.fox_id=897274e6-9fe0-4196-a2be-85a7d2ff5d58
ro.build.selinux=1
ro.build.fox_codebase=2025-12-06 (27b79a94)
ro.iorapd.enable=true
ro.kernel.android.checkjni=1
ro.kernel.version=5.10
ro.system.product.cpu.abilist=arm64-v8a
ro.system.product.cpu.abilist32=
ro.system.product.cpu.abilist64=arm64-v8a
ro.bootimage.build.date.utc_fox=1765838750
ro.fastbootd.available=1
ro.orangefox.boot=1
ro.orangefox.boot.header.version=4
ro.orangefox.type=Unofficial
ro.orangefox.build=orangefox
ro.orangefox.release.version=R11.3
ro.orangefox.vanilla=1
ro.orangefox.variant=default
ro.orangefox.virtual_ab=1
ro.orangefox.crypto_enabled=1
ro.postinstall.fstab.prefix=/system
fbe.contents=aes-256-xts
fbe.filenames=aes-256-cts:v2+inlinecrypt_optimized
twrp.super.symlinks_created=true
fstab.additional=1
crypto.ready=1
orangefox.super.partition=true
orangefox.crash_counter=0
keymaster_ver=4.x
tw_is_vendor_boot=1
tw_boot_header_version=4
ro.boot.slot_suffix=_a
ro.boot.dynamic_partitions=true
ro.hwui.use_vulkan=
ro.board.platform=mt6789
ro.build.ab_update=true
ro.hardware.gatekeeper=trustkernel
pm.dexopt.ab-ota=speed-profile
pm.dexopt.shared=speed
pm.dexopt.cmdline=verify
pm.dexopt.install=speed-profile
pm.dexopt.inactive=verify
pm.dexopt.bg-dexopt=speed-profile
pm.dexopt.first-boot=extract
pm.dexopt.install-bulk=speed-profile
pm.dexopt.install-fast=skip
pm.dexopt.install-bulk-secondary=verify
pm.dexopt.install-bulk-downgraded=verify
pm.dexopt.install-bulk-secondary-downgraded=extract
sys.usb.ffs.aio_compat=0
ro.build.fingerprint=Itel/fox_P13001L/P13001L:12/SP2A.220405.004/eng.runner.20251215.215404:eng/test-keys
ro.gsid.image_running=0
gsid.image_installed=0
hwservicemanager.ready=true
init.svc.mtk.plpath.utils.link=stopped
init.svc.logd=running
init.svc.teed=running
init.svc.ueventd=running
init.svc.recovery=running
init.svc.keystore2=running
init.svc.boot-hal-1-2=running
init.svc.health-hal-2-1=running
init.svc.servicemanager=running
init.svc.hwservicemanager=running
init.svc.vndservicemanager=running
init.svc.adbd=restarting
init.svc_debug_pid.mtk.plpath.utils.link=
init.svc_debug_pid.adbd=315
init.svc_debug_pid.logd=278
init.svc_debug_pid.teed=307
init.svc_debug_pid.vendor.gatekeeper-1-0=318
init.svc_debug_pid.vendor.keymint-trustkernel=316
init.svc_debug_pid.ueventd=268
init.svc_debug_pid.recovery=308
init.svc_debug_pid.keystore2=282
init.svc_debug_pid.boot-hal-1-2=309
init.svc_debug_pid.health-hal-2-1=313
init.svc_debug_pid.servicemanager=280
init.svc_debug_pid.hwservicemanager=279
init.svc_debug_pid.vndservicemanager=281
keystore.crash_count=0
ro.logd.kernel=true
ro.product.ab_ota_partitions=boot,odm_dlkm,product,system,system_ext,vbmeta_system,vbmeta_vendor,vendor,vendor_boot,vendor_dlkm
persist.debug.dalvik.vm.core_platform_api_policy=just-warn
pm.dexopt.post-boot=extract
pm.dexopt.boot-after-ota=extract
ro.property_service.version=2
ro.minui.pixel_format=RGBX_8888
ro.minui.overscan_percent=0
ro.boot.serialno=1355973516000056
ro.serialno=1355973516000056
service.adb.root=1
external_storage.projid.enabled=1
external_storage.casefold.enabled=1
external_storage.sdcardfs.enabled=0
ro.sf.lcd_density=480
dev.mnt.blk.mnt.vendor.nvcfg=sdc
dev.mnt.blk.mnt.vendor.nvdata=sdc
dev.mnt.blk.mnt.vendor.persist=sdc
dev.mnt.blk.mnt.vendor.protect_f=sdc
dev.mnt.blk.mnt.vendor.protect_s=sdc
dev.mnt.blk.data=sdc
dev.mnt.blk.vendor=
dev.mnt.blk.system_root=
net.bt.name=Android
sys.usb.pid=0xD001
sys.usb.vid=0x18D1
sys.usb.vid.mtk=0x0E8D
persist.sys.usb.config=adb
persist.sys.disable_rescue=true
persist.service.adb.enable=1
persist.service.debuggable=1
persist.traced.enable=1
sys.usb.config=adb
sys.usb.configfs=1
sys.usb.controller=musb-hdrc
ro.odm.build.id=SP2A.220405.004
ro.odm.build.tags=test-keys
ro.odm.build.type=eng
ro.odm.build.version.sdk=32
ro.odm.build.version.release=12
ro.odm.build.version.release_or_codename=12
ro.odm.product.cpu.abilist=arm64-v8a
ro.odm.product.cpu.abilist32=
ro.odm.product.cpu.abilist64=arm64-v8a
ro.hardware.keymaster=trustkernel
init.svc.vendor.gatekeeper-1-0=running
init.svc.vendor.keymint-trustkernel=running
vendor.mtk.boot0_linka=1
vendor.mtk.boot1_linkb=1
vendor.trustkernel.fs.mode=3
vendor.trustkernel.fs.state=ready
vendor.trustkernel.ready=true
persist.vendor.mtk.pl_lnk=1
ro.vendor.build.security_patch=2099-12-05
ro.virtual_ab.enabled=true
ro.virtual_ab.compression.enabled=true
ro.vndk.version=32
ro.product.vndk.version=32
ro.crypto.type=file
ro.crypto.state=encrypted

I:Overriding ro.build.date.utc with value: "0"
I:Overriding ro.bootimage.build.date.utc with value: "0"
I:Overriding ro.vendor.build.date.utc with value: "0"
I:Overriding ro.system.build.date.utc with value: "0"
I:Overriding ro.system_ext.build.date.utc with value: "0"
I:Overriding ro.product.build.date.utc with value: "0"
I:Overriding ro.odm.build.date.utc with value: "0"
I:DEBUG: OrangeFox: running the startup script...
FOX_BUILD_DATE=Mon Dec 15 22:45:50 2025
DEBUG: OrangeFox: FOX_DEVICE=P13001L
DEBUG: OrangeFox: FOX_KERNEL=5.10.252-v1llhaze!
DEBUG: OrangeFox: SYSTEM_ROOT=1
DEBUG: OrangeFox: PROPER_SAR=1
DEBUG: OrangeFox: FOX_SCRIPT_DATE=20251120
DEBUG: OrangeFox: ANDROID_SDK=36
DEBUG: OrangeFox: INCREMENTAL_VERSION=1778001555
DEBUG: OrangeFox: RELEASE_VERSION=16
DEBUG: OrangeFox: BUILD_FLAVOR=infinity_P13001L-user
DEBUG: OrangeFox: ROM_FINGERPRINT=Itel/P13001L-GL/itel-P13001L:14/UP1A.231005.007/1728750305:user/release-keys
DEBUG: OrangeFox: Fox properties:
[orangefox.crash_counter]: [0]
[orangefox.postinit.status]: [1]
[orangefox.product.block_device]: [/dev/block/dm-3]
[orangefox.product.mount_point]: [/product]
[orangefox.product.partition]: [1]
[orangefox.rom.sdk]: [36]
[orangefox.super.block_device]: [/dev/block/by-name/super]
[orangefox.super.mount_point]: [/super]
[orangefox.super.partition]: [true]
[orangefox.system.block_device]: [/dev/block/dm-4]
[orangefox.system.fingerprint]: [Itel/P13001L-GL/itel-P13001L:14/UP1A.231005.007/1728750305:user/release-keys]
[orangefox.system.incremental]: [1778001555]
[orangefox.system.mount_point]: [/system_root]
[orangefox.system.release]: [16]
[orangefox.vendor.block_device]: [/dev/block/dm-6]
[orangefox.vendor.mount_point]: [/vendor]
[ro.orangefox.boot]: [1]
[ro.orangefox.boot.header.version]: [4]
[ro.orangefox.build]: [orangefox]
[ro.orangefox.crypto_enabled]: [1]
[ro.orangefox.home]: [/sdcard/Fox]
[ro.orangefox.kernel]: [5.10.252-v1llhaze!]
[ro.orangefox.release.version]: [R11.3]
[ro.orangefox.sar]: [1]
[ro.orangefox.settings]: [/sdcard/Fox]
[ro.orangefox.type]: [Unofficial]
[ro.orangefox.vanilla]: [1]
[ro.orangefox.variant]: [default]
[ro.orangefox.virtual_ab]: [1]
I:Process ended with no errors.
I:- Using the ROM's incremental version (1778001555)
I:- Using the ROM's fingerprint (Itel/P13001L-GL/itel-P13001L:14/UP1A.231005.007/1728750305:user/release-keys)
I:Process ended with no errors.
copying '/data/misc/keystore/persistent.sqlite' to '/tmp/misc/keystore/persistent.sqlite'
SELinux contexts loaded from /file_contexts
Full SELinux support is present.
I:Switching packages (OrangeFox)


Partition Logs:
/system_root | /dev/block/dm-4 | Size: 660MB Used: 660MB Free: 0MB Backup Size: 660MB
   Flags: Can_Be_Mounted IsPresent SlotSelect Mount_Read_Only Is_Super 
   Primary_Block_Device: /dev/block/dm-4
   Display_Name: System
   Storage_Name: System
   Backup_Path: /system_root
   Backup_Name: system
   Backup_Display_Name: System
   Storage_Path: /system_root
   Current_File_System: erofs
   Fstab_File_System: erofs
   Backup_Method: files

/vendor | /dev/block/dm-6 | Size: 332MB Used: 332MB Free: 0MB Backup Size: 332MB
   Flags: Can_Be_Mounted IsPresent SlotSelect Mount_Read_Only Is_Super 
   Primary_Block_Device: /dev/block/dm-6
   Display_Name: Vendor
   Storage_Name: Vendor
   Backup_Path: /vendor
   Backup_Name: vendor
   Backup_Display_Name: Vendor
   Storage_Path: /vendor
   Current_File_System: erofs
   Fstab_File_System: erofs
   Backup_Method: files

/product | /dev/block/dm-3 | Size: 944MB Used: 944MB Free: 0MB Backup Size: 944MB
   Flags: Can_Be_Mounted IsPresent SlotSelect Mount_Read_Only Is_Super 
   Primary_Block_Device: /dev/block/dm-3
   Display_Name: Product
   Storage_Name: Product
   Backup_Path: /product
   Backup_Name: Product
   Backup_Display_Name: Product
   Storage_Path: /product
   Current_File_System: erofs
   Fstab_File_System: erofs
   Backup_Method: files

/system_ext | /dev/block/dm-5 | Size: 452MB Used: 452MB Free: 0MB Backup Size: 452MB
   Flags: Can_Be_Mounted IsPresent SlotSelect Mount_Read_Only Is_Super 
   Primary_Block_Device: /dev/block/dm-5
   Display_Name: System_EXT
   Storage_Name: System_EXT
   Backup_Path: /system_ext
   Backup_Name: System_EXT
   Backup_Display_Name: System_EXT
   Storage_Path: /system_ext
   Current_File_System: erofs
   Fstab_File_System: erofs
   Backup_Method: files

/vendor_dlkm | /dev/block/dm-7 | Size: 11MB Used: 11MB Free: 0MB Backup Size: 11MB
   Flags: Can_Be_Mounted IsPresent SlotSelect Mount_Read_Only Is_Super 
   Primary_Block_Device: /dev/block/dm-7
   Display_Name: Vendor DLKM
   Storage_Name: Vendor DLKM
   Backup_Path: /vendor_dlkm
   Backup_Name: vendor_dlkm
   Backup_Display_Name: Vendor DLKM
   Storage_Path: /vendor_dlkm
   Current_File_System: erofs
   Fstab_File_System: erofs
   Backup_Method: files

/odm_dlkm | /dev/block/dm-2 | Size: 0MB Used: 0MB Free: 0MB Backup Size: 0MB
   Flags: Can_Be_Mounted IsPresent SlotSelect Mount_Read_Only Is_Super 
   Primary_Block_Device: /dev/block/dm-2
   Display_Name: ODM DLKM
   Storage_Name: ODM DLKM
   Backup_Path: /odm_dlkm
   Backup_Name: odm_dlkm
   Backup_Display_Name: ODM DLKM
   Storage_Path: /odm_dlkm
   Current_File_System: erofs
   Fstab_File_System: erofs
   Backup_Method: files

/misc | /dev/block/sdc1 | Size: 0MB
   Flags: IsPresent 
   Primary_Block_Device: /dev/block/sdc1
   Display_Name: misc
   Storage_Name: misc
   Backup_Path: /misc
   Backup_Name: misc
   Backup_Display_Name: misc
   Storage_Path: /misc
   Current_File_System: emmc
   Fstab_File_System: emmc
   Backup_Method: dd

/boot | /dev/block/by-name/boot_a | Size: 64MB
   Flags: Can_Be_Backed_Up IsPresent Can_Flash_Img SlotSelect 
   Primary_Block_Device: /dev/block/by-name/boot
   Display_Name: boot
   Storage_Name: boot
   Backup_Path: /boot
   Backup_Name: boot
   Backup_Display_Name: boot
   Storage_Path: /boot
   Current_File_System: emmc
   Fstab_File_System: emmc
   Backup_Method: dd

/dtbo | /dev/block/by-name/dtbo_a | Size: 8MB
   Flags: IsPresent SlotSelect 
   Primary_Block_Device: /dev/block/by-name/dtbo
   Display_Name: dtbo
   Storage_Name: dtbo
   Backup_Path: /dtbo
   Backup_Name: dtbo
   Backup_Display_Name: dtbo
   Storage_Path: /dtbo
   Current_File_System: emmc
   Fstab_File_System: emmc
   Backup_Method: dd

/expdb | /dev/block/sdc3 | Size: 128MB
   Flags: IsPresent 
   Primary_Block_Device: /dev/block/sdc3
   Display_Name: expdb
   Storage_Name: expdb
   Backup_Path: /expdb
   Backup_Name: expdb
   Backup_Display_Name: expdb
   Storage_Path: /expdb
   Current_File_System: emmc
   Fstab_File_System: emmc
   Backup_Method: dd

/external_sd | /dev/block/mmcblk0p1 | Size: 7623MB Used: 7266MB Free: 356MB Backup Size: 7266MB
   Flags: Can_Be_Mounted Can_Be_Wiped Wipe_Available_in_GUI Removable IsPresent Is_Storage 
   Primary_Block_Device: /dev/block/mmcblk1p1
   Alternate_Block_Device: /dev/block/mmcblk0p1
   Display_Name: Micro SD Card
   Storage_Name: Micro SD Card
   Backup_Path: /external_sd
   Backup_Name: external_sd
   Backup_Display_Name: Micro SD Card
   Storage_Path: /external_sd
   Current_File_System: exfat
   Fstab_File_System: auto
   Backup_Method: files
   MTP_Storage_ID: 65537

/logo | /dev/block/sdc42 | Size: 25MB
   Flags: Can_Be_Backed_Up IsPresent SlotSelect 
   Primary_Block_Device: /dev/block/sdc42
   Display_Name: logo
   Storage_Name: logo
   Backup_Path: /logo
   Backup_Name: logo
   Backup_Display_Name: logo
   Storage_Path: /logo
   Current_File_System: emmc
   Fstab_File_System: emmc
   Backup_Method: dd

/nvcfg | /dev/block/sdc5 | Size: 32MB
   Flags: Can_Be_Backed_Up IsPresent 
   Primary_Block_Device: /dev/block/sdc5
   Display_Name: nvcfg
   Storage_Name: nvcfg
   Backup_Path: /nvcfg
   Backup_Name: nvcfg
   Backup_Display_Name: nvcfg
   Storage_Path: /nvcfg
   Current_File_System: emmc
   Fstab_File_System: emmc
   Backup_Method: dd

/nvdata | /dev/block/sdc6 | Size: 64MB
   Flags: Can_Be_Backed_Up IsPresent 
   Primary_Block_Device: /dev/block/sdc6
   Display_Name: nvdata
   Storage_Name: nvdata
   Backup_Path: /nvdata
   Backup_Name: nvdata
   Backup_Display_Name: nvdata
   Storage_Path: /nvdata
   Current_File_System: emmc
   Fstab_File_System: emmc
   Backup_Method: dd

/nvram | /dev/block/sdc35 | Size: 64MB
   Flags: Can_Be_Backed_Up IsPresent 
   Primary_Block_Device: /dev/block/sdc35
   Display_Name: nvram
   Storage_Name: nvram
   Backup_Path: /nvram
   Backup_Name: nvram
   Backup_Display_Name: nvram
   Storage_Path: /nvram
   Current_File_System: emmc
   Fstab_File_System: emmc
   Backup_Method: dd

/odm_dlkm_image | /dev/block/dm-2 | Size: 0MB
   Flags: IsPresent 
   Primary_Block_Device: /dev/block/dm-2
   Display_Name: ODM DLKM Image
   Storage_Name: ODM DLKM Image
   Backup_Path: /odm_dlkm_image
   Backup_Name: odm_dlkm_image
   Backup_Display_Name: ODM DLKM Image
   Storage_Path: /odm_dlkm_image
   Current_File_System: emmc
   Fstab_File_System: emmc
   Backup_Method: dd

/otp | /dev/block/sdc18 | Size: 48MB
   Flags: IsPresent 
   Primary_Block_Device: /dev/block/sdc18
   Display_Name: otp
   Storage_Name: otp
   Backup_Path: /otp
   Backup_Name: otp
   Backup_Display_Name: otp
   Storage_Path: /otp
   Current_File_System: emmc
   Fstab_File_System: emmc
   Backup_Method: dd

/persist | /dev/block/sdc14 | Size: 53MB
   Flags: Can_Be_Backed_Up IsPresent 
   Primary_Block_Device: /dev/block/sdc14
   Display_Name: persist
   Storage_Name: persist
   Backup_Path: /persist
   Backup_Name: persist
   Backup_Display_Name: persist
   Storage_Path: /persist
   Current_File_System: emmc
   Fstab_File_System: emmc
   Backup_Method: dd

/persistent | /dev/block/sdc4 | Size: 1MB
   Flags: Can_Be_Backed_Up IsPresent 
   Primary_Block_Device: /dev/block/sdc4
   Display_Name: persistent
   Storage_Name: persistent
   Backup_Path: /persistent
   Backup_Name: persistent
   Backup_Display_Name: persistent
   Storage_Path: /persistent
   Current_File_System: emmc
   Fstab_File_System: emmc
   Backup_Method: dd

/product_image | /dev/block/dm-3 | Size: 962MB
   Flags: IsPresent 
   Primary_Block_Device: /dev/block/dm-3
   Display_Name: Product Image
   Storage_Name: Product Image
   Backup_Path: /product_image
   Backup_Name: product_image
   Backup_Display_Name: Product Image
   Storage_Path: /product_image
   Current_File_System: emmc
   Fstab_File_System: emmc
   Backup_Method: dd

/protect_f | /dev/block/sdc15 | Size: 8MB
   Flags: Can_Be_Backed_Up IsPresent 
   Primary_Block_Device: /dev/block/sdc15
   Display_Name: protect_f
   Storage_Name: protect_f
   Backup_Path: /protect_f
   Backup_Name: protect_f
   Backup_Display_Name: protect_f
   Storage_Path: /protect_f
   Current_File_System: emmc
   Fstab_File_System: emmc
   Backup_Method: dd

/protect_s | /dev/block/sdc16 | Size: 8MB
   Flags: Can_Be_Backed_Up IsPresent 
   Primary_Block_Device: /dev/block/sdc16
   Display_Name: protect_s
   Storage_Name: protect_s
   Backup_Path: /protect_s
   Backup_Name: protect_s
   Backup_Display_Name: protect_s
   Storage_Path: /protect_s
   Current_File_System: emmc
   Fstab_File_System: emmc
   Backup_Method: dd

/seccfg | /dev/block/sdc17 | Size: 8MB
   Flags: IsPresent 
   Primary_Block_Device: /dev/block/sdc17
   Display_Name: seccfg
   Storage_Name: seccfg
   Backup_Path: /seccfg
   Backup_Name: seccfg
   Backup_Display_Name: seccfg
   Storage_Path: /seccfg
   Current_File_System: emmc
   Fstab_File_System: emmc
   Backup_Method: dd

/spmfw | /dev/block/by-name/spmfw_a | Size: 1MB
   Flags: IsPresent SlotSelect 
   Primary_Block_Device: /dev/block/by-name/spmfw
   Display_Name: spmfw
   Storage_Name: spmfw
   Backup_Path: /spmfw
   Backup_Name: spmfw
   Backup_Display_Name: spmfw
   Storage_Path: /spmfw
   Current_File_System: emmc
   Fstab_File_System: emmc
   Backup_Method: dd

/system_ext_image | /dev/block/dm-5 | Size: 461MB
   Flags: IsPresent 
   Primary_Block_Device: /dev/block/dm-5
   Display_Name: System_EXT Image
   Storage_Name: System_EXT Image
   Backup_Path: /system_ext_image
   Backup_Name: system_ext_image
   Backup_Display_Name: System_EXT Image
   Storage_Path: /system_ext_image
   Current_File_System: emmc
   Fstab_File_System: emmc
   Backup_Method: dd

/system_image | /dev/block/dm-4 | Size: 673MB
   Flags: Can_Be_Backed_Up IsPresent Can_Flash_Img 
   Primary_Block_Device: /dev/block/dm-4
   Display_Name: System Image
   Storage_Name: System Image
   Backup_Path: /system_image
   Backup_Name: system_image
   Backup_Display_Name: System Image
   Storage_Path: /system_image
   Current_File_System: emmc
   Fstab_File_System: emmc
   Backup_Method: dd

/tee1 |  | Size: 0MB
   Flags: 
   Primary_Block_Device: /dev/block/by-name/tee1
   Display_Name: tee1
   Storage_Name: tee1
   Backup_Path: /tee1
   Backup_Name: tee1
   Backup_Display_Name: tee1
   Storage_Path: /tee1
   Current_File_System: emmc
   Fstab_File_System: emmc
   Backup_Method: dd

/tee2 |  | Size: 0MB
   Flags: 
   Primary_Block_Device: /dev/block/by-name/tee2
   Display_Name: tee2
   Storage_Name: tee2
   Backup_Path: /tee2
   Backup_Name: tee2
   Backup_Display_Name: tee2
   Storage_Path: /tee2
   Current_File_System: emmc
   Fstab_File_System: emmc
   Backup_Method: dd

/usb_otg |  | Size: 0MB Used: 0MB Free: 0MB Backup Size: 0MB
   Flags: Can_Be_Mounted Can_Be_Wiped Wipe_Available_in_GUI Removable Is_Storage 
   Primary_Block_Device: /dev/block/sdd1
   Alternate_Block_Device: /dev/block/sdd
   Display_Name: USB-OTG
   Storage_Name: USB-OTG
   Backup_Path: /usb_otg
   Backup_Name: usb_otg
   Backup_Display_Name: USB-OTG
   Storage_Path: /usb_otg
   Current_File_System: auto
   Fstab_File_System: auto
   Backup_Method: files
   MTP_Storage_ID: 65538

/vbmeta | /dev/block/by-name/vbmeta_a | Size: 8MB
   Flags: Can_Be_Backed_Up IsPresent SlotSelect 
   Primary_Block_Device: /dev/block/by-name/vbmeta
   Display_Name: vbmeta
   Storage_Name: vbmeta
   Backup_Path: /vbmeta
   Backup_Name: vbmeta
   Backup_Display_Name: vbmeta
   Storage_Path: /vbmeta
   Current_File_System: emmc
   Fstab_File_System: emmc
   Backup_Method: dd

/vbmeta_system | /dev/block/by-name/vbmeta_system_a | Size: 8MB
   Flags: IsPresent SlotSelect 
   Primary_Block_Device: /dev/block/by-name/vbmeta_system
   Display_Name: vbmeta_system
   Storage_Name: vbmeta_system
   Backup_Path: /vbmeta_system
   Backup_Name: vbmeta_system
   Backup_Display_Name: vbmeta_system
   Storage_Path: /vbmeta_system
   Current_File_System: emmc
   Fstab_File_System: emmc
   Backup_Method: dd

/vbmeta_vendor | /dev/block/by-name/vbmeta_vendor_a | Size: 8MB
   Flags: IsPresent SlotSelect 
   Primary_Block_Device: /dev/block/by-name/vbmeta_vendor
   Display_Name: vbmeta_vendor
   Storage_Name: vbmeta_vendor
   Backup_Path: /vbmeta_vendor
   Backup_Name: vbmeta_vendor
   Backup_Display_Name: vbmeta_vendor
   Storage_Path: /vbmeta_vendor
   Current_File_System: emmc
   Fstab_File_System: emmc
   Backup_Method: dd

/vendor_boot | /dev/block/by-name/vendor_boot_a | Size: 64MB
   Flags: Can_Be_Backed_Up IsPresent Can_Flash_Img SlotSelect 
   Primary_Block_Device: /dev/block/by-name/vendor_boot
   Display_Name: vendor_boot
   Storage_Name: vendor_boot
   Backup_Path: /vendor_boot
   Backup_Name: vendor_boot
   Backup_Display_Name: vendor_boot
   Storage_Path: /vendor_boot
   Current_File_System: emmc
   Fstab_File_System: emmc
   Backup_Method: dd

/vendor_dlkm_image | /dev/block/dm-7 | Size: 12MB
   Flags: IsPresent 
   Primary_Block_Device: /dev/block/dm-7
   Display_Name: Vendor DLKM Image
   Storage_Name: Vendor DLKM Image
   Backup_Path: /vendor_dlkm_image
   Backup_Name: vendor_dlkm_image
   Backup_Display_Name: Vendor DLKM Image
   Storage_Path: /vendor_dlkm_image
   Current_File_System: emmc
   Fstab_File_System: emmc
   Backup_Method: dd

/vendor_image | /dev/block/dm-6 | Size: 338MB
   Flags: Can_Be_Backed_Up IsPresent Can_Flash_Img 
   Primary_Block_Device: /dev/block/dm-6
   Display_Name: Vendor Image
   Storage_Name: Vendor Image
   Backup_Path: /vendor_image
   Backup_Name: vendor_image
   Backup_Display_Name: Vendor Image
   Storage_Path: /vendor_image
   Current_File_System: emmc
   Fstab_File_System: emmc
   Backup_Method: dd

/metadata | /dev/block/sdc13 | Size: 23MB Used: 0MB Free: 23MB Backup Size: 0MB
   Flags: Can_Be_Mounted Can_Be_Wiped Wipe_Available_in_GUI IsPresent 
   Primary_Block_Device: /dev/block/sdc13
   Display_Name: Metadata
   Storage_Name: Metadata
   Backup_Path: /metadata
   Backup_Name: metadata
   Backup_Display_Name: Metadata
   Storage_Path: /metadata
   Current_File_System: ext4
   Fstab_File_System: ext4
   Backup_Method: files
   Mount_Flags: 1030, Mount_Options: discard

/data | /dev/block/sdc61 | Size: 233533MB Used: 0MB Free: 230891MB Backup Size: 0MB
   Flags: Can_Be_Mounted Can_Be_Wiped Can_Be_Backed_Up Wipe_During_Factory_Reset Wipe_Available_in_GUI IsPresent Can_Be_Encrypted Is_Encrypted Is_Decrypted Has_Data_Media Can_Encrypt_Backup Use_Userdata_Encryption Is_Storage Is_Settings_Storage 
   Symlink_Path: /data/media
   Symlink_Mount_Point: /sdcard
   Primary_Block_Device: /dev/block/sdc61
   Display_Name: Data
   Storage_Name: Internal Storage
   Backup_Path: /data
   Backup_Name: data
   Backup_Display_Name: Data
   Storage_Path: /data/media
   Current_File_System: f2fs
   Fstab_File_System: f2fs
   Backup_Method: files
   Mount_Flags: 1030, Mount_Options: discard,noflush_merge,fsync_mode=nobarrier,reserve_root=134217,resgid=1065,inlinecrypt
   MTP_Storage_ID: 65539
   Metadata Key Directory: /metadata/vold/metadata_encryption

/super | /dev/block/by-name/super | Size: 0MB
   Flags: Can_Be_Backed_Up IsPresent Can_Flash_Img 
   Alternate_Block_Device: /dev/block/by-name/super
   Display_Name: super
   Backup_Path: /super
   Backup_Name: super
   Backup_Display_Name: Super (system vendor product system_ext)
   Current_File_System: emmc
   Backup_Method: dd

I:Attempt to load settings from settings file...
I:InfoManager file '/sdcard/Fox/.foxs' not found.
I:Backup folder set to '/data/media/Fox/BACKUPS/itel_P13001L'
I:Version number saved to '/data/recovery/.version'
I:cmd: /system/bin/exfat-fuse -o big_writes,max_read=131072,max_write=131072 /dev/block/mmcblk0p1 /external_sd
I:Unable to mount '/usb_otg'
I:Actual block device: '', current file system: 'auto'
I:TWFunc::Set_Brightness: Setting brightness control to 25
I:PassBak: Loaded backup
--------------------------
Welcome to OrangeFox Recovery!
[Release]   : R11.3
[Variant]   : default
[Codebase]  : 32, 2025-12-06 (27b79a94)
[Build date]: Mon Dec 15 22:45:50 2025
[Build type]: Unofficial
[Support]   : No official support for unknown builds

OrangeFox websites:
[Downloads] : https://orangefox.download/
[Guides/FAQ]: https://wiki.orangefox.tech/guides/
--------------------------
I:DEBUG: OrangeFox: the startup script has been executed.
* Storage is not encrypted
* Platform:   P13001L
* Device:     P13001L (P13001L)
* Dynamic:    yes
* Boot slot:  _a
* Virtual_AB: yes
* Kernel:     5.10.252-v1llhaze!
* Custom ROM (SDK:36, Android 16)
* BP4A.251205.006 release-keys
* (1778001555)
* Fingerprint: Itel/P13001L-GL/itel-P13001L:14/UP1A.231005.007/1728750305:user/release-keys
--------------------------
I:ROM Status: BP4A.251205.006 release-keys
I:Themes version mismatch (old='0'; new='1.1')
I:InfoManager saving '/sdcard/Fox/.foxs'
I:Saved settings file values to '/sdcard/Fox/.foxs'
I:Starting MTP
I:[MTP] Starting MTP
I:sending message to add 65537 '/external_sd' 'Micro SD Card'
I:Message sent, add storage ID: 65537 '/external_sd'
I:sending message to add 65539 '/data/media' 'Internal Storage'
I:Message sent, add storage ID: 65539 '/data/media'
MTP is enabled
I:Attempt to load settings from settings file...
I:InfoManager loading from '/sdcard/Fox/.foxs'.
I:Backup folder set to '/data/media/Fox/BACKUPS/itel_P13001L'
I:Version number saved to '/data/recovery/.version'
I:Unable to mount '/usb_otg'
I:Actual block device: '', current file system: 'auto'
I:TWFunc::Set_Brightness: Setting brightness control to 25
I:PassBak: Loaded backup
I:PassBak: Loaded backup
I:Starting Adb Backup FIFO
I:PageManager::LoadFileToBuffer loading filename: '/twres/languages/en.xml' directly
parsing languageFile
parsing languageFile done
I:Translating partition display names
I:Backup folder set to '/data/media/Fox/BACKUPS/itel_P13001L'
I:Switching packages (OrangeFox)
I:Set page: 'main'
I:Set overlay: ''
I:Set page: 'clear_vars'
I:Set page: 'navbar'
I:Set page: 'filemanagerlist'
I:[MTP] created new mtpserver object
I:[MTP] mtppipe add storage 65537 '/external_sd'
I:[MTP] mtppipe add storage 65539 '/data/media'
E:[MTP] error opening '/data/media' -- error: No such file or directory
I:Set page: 'advanced'
adbd
I:Command 'xset fox_adb=1' received
I:Set page: 'sideload'
I:Set page: 'action_page'
I:operation_start: 'Sideload'
Starting ADB sideload feature...
E:[MTP] Mtp got error event
E:[MTP] request read returned -1, errno: 108I:Disabling MTP
minadbd I 05-08 04:47:10   519   527 usb_ffs.cpp:275] opening control endpoint /dev/usb-ffs/adb/ep0
minadbd E 05-08 04:47:10   519   527 usb_ffs.cpp:292] failed to write USB descriptors: No such process
minadbd I 05-08 04:47:11   519   527 usb_ffs.cpp:275] opening control endpoint /dev/usb-ffs/adb/ep0
minadbd E 05-08 04:47:11   519   527 usb_ffs.cpp:292] failed to write USB descriptors: No such process
minadbd I 05-08 04:47:12   519   527 usb_ffs.cpp:275] opening control endpoint /dev/usb-ffs/adb/ep0
minadbd E 05-08 04:47:12   519   527 usb_ffs.cpp:292] failed to write USB descriptors: No such process
minadbd I 05-08 04:47:13   519   527 usb_ffs.cpp:275] opening control endpoint /dev/usb-ffs/adb/ep0
minadbd E 05-08 04:47:13   519   527 usb_ffs.cpp:292] failed to write USB descriptors: No such process
minadbd I 05-08 04:47:14   519   527 usb_ffs.cpp:275] opening control endpoint /dev/usb-ffs/adb/ep0
minadbd E 05-08 04:47:14   519   527 usb_ffs.cpp:292] failed to write USB descriptors: No such process
Cancelling ADB sideload...
I:Signaling child sideload process to exit.
minadbd I 05-08 04:47:15   519   527 usb_ffs.cpp:275] opening control endpoint /dev/usb-ffs/adb/ep0
minadbd E 05-08 04:47:15   519   527 usb_ffs.cpp:292] failed to write USB descriptors: No such process
I:Killing child sideload process.
I:Waiting for child sideload process to exit.
I:[MTP] Starting MTP
I:sending message to add 65537 '/external_sd' 'Micro SDCard'
I:Message sent, add storage ID: 65537 '/external_sd'
I:sending message to add 65539 '/data/media' 'Internal Storage'
I:Message sent, add storage ID: 65539 '/data/media'
I:Set overlay: ''
I:Set page: 'action_complete'
I:operation_end - status=1
I:[MTP] created new mtpserver object
I:[MTP] mtppipe add storage 65537 '/external_sd'
I:[MTP] mtppipe add storage 65539 '/data/media'
E:[MTP] error opening '/data/media' -- error: No such file or directory
I:Set page: 'clear_vars'
I:Set page: 'advanced'
adbd
I:Command 'xset fox_adb=1' received
I:Set page: 'sideload'
I:Set page: 'action_page'
I:operation_start: 'Sideload'
Starting ADB sideload feature...
E:[MTP] Mtp got error event
E:[MTP] request read returned -1, errno: 108I:Disabling MTP
minadbd I 05-08 04:47:19   547   550 usb_ffs.cpp:275] opening control endpoint /dev/usb-ffs/adb/ep0
minadbd I 05-08 04:47:19   547   550 usb.cpp:152] UsbFfsConnection constructed
minadbd I 05-08 04:47:19   547   555 usb.cpp:259] UsbFfs-monitor thread spawned
minadbd I 05-08 04:47:19   547   555 usb.cpp:298] USB event: FUNCTIONFS_BIND
minadbd I 05-08 04:47:20   547   555 usb.cpp:298] USB event: FUNCTIONFS_ENABLE
minadbd I 05-08 04:47:20   547   556 usb.cpp:405] UsbFfs-worker thread spawned
minadbd I 05-08 04:47:20   547   547 adb.cpp:141] UsbFfs: already offline
minadbd I 05-08 04:47:20   547   547 adb.cpp:358] authentication not required
minadbd I 05-08 04:47:23   547   557 minadbd_services.cpp:111] sideload-host file size 2645259598, block size 65536
Installing ZIP file '/sideload/package.zip'
unknown fuse request opcode 2016
I:AB zip
Flashing A/B zip to inactive slot: B
I:Mount: Unable to find partition for path '/system'
unknown fuse request opcode 2016
target_build: 1778135385
Package is for product itel-P13001L,P13001L,P13001L-GL. The selected OrangeFox target device is itel-P13001L
update_engine_sideload I 05-08 04:47:25   560   560 [INFO:sideload_main.cc(193)] Update Engine Sideloading starting
cutils-trace E 05-08 04:47:25   560   560 Error opening trace file: No such file or directory (2)
update_engine_sideload I 05-08 04:47:25   560   560 [INFO:boot_control_android.cc(68)] Loaded boot control hidl hal.
update_engine_sideload I 05-08 04:47:25   560   560 [INFO:update_attempter_android.cc(164)] Skip ScheduleCleanupPreviousUpdate in sideload because ApplyPayload will call it later.
update_engine_sideload I 05-08 04:47:25   560   560 [INFO:update_attempter_android.cc(282)] Using this install plan:
update_engine_sideload I 05-08 04:47:25   560   560 [INFO:install_plan.cc(79)] InstallPlan: 
type: new_update
version: 
source_slot: A
target_slot: B
initial url: file:///sideload/package.zip
hash_checks_mandatory: false
powerwash_required: false
switch_slot_on_reboot: true
run_post_install: true
is_rollback: false
rollback_data_save_requested: false
write_verity: true
Payload: 0
  urls: ()
  size: 2645251826
  metadata_size: 103073
  metadata_signature: 
  hash: 5D76C4975C0499C3C2031DE8C35CAB109ED9DFAD3D4630F4C74EC67F1E342E1D
  type: unknown
  fingerprint: 
  app_id: 
  already_applied: false
update_engine_sideload I 05-08 04:47:25   560   560 [INFO:postinstall_runner_action.cc(67)] postinstall mount point: /postinstall
update_engine_sideload I 05-08 04:47:25   560   560 [INFO:metrics_utils.cc(318)] Number of Reboots during current update attempt = 0
update_engine_sideload I 05-08 04:47:25   560   560 [INFO:metrics_utils.cc(326)] Payload Attempt Number = 1
update_engine_sideload I 05-08 04:47:25   560   560 [INFO:metrics_utils.cc(343)] Update Monotonic Timestamp Start = 1/1/1970 0:00:35 GMT
update_engine_sideload I 05-08 04:47:25   560   560 [INFO:metrics_utils.cc(352)] Update Boot Timestamp Start = 1/1/1970 0:00:35 GMT
update_engine_sideload I 05-08 04:47:25   560   560 [INFO:update_attempter_android.cc(680)] Scheduling an action processor start.
update_engine_sideload I 05-08 04:47:25   560   560 [INFO:action_processor.cc(51)] ActionProcessor: starting UpdateBootFlagsAction
update_engine_sideload I 05-08 04:47:25   560   560 [INFO:update_boot_flags_action.cc(45)] Marking booted slot as good.
update_engine_sideload I 05-08 04:47:25   560   560 [INFO:action_processor.cc(116)] ActionProcessor: finished UpdateBootFlagsAction with code ErrorCode::kSuccess
update_engine_sideload I 05-08 04:47:25   560   560 [INFO:action_processor.cc(143)] ActionProcessor: starting CleanupPreviousUpdateAction
update_engine_sideload I 05-08 04:47:25   560   560 [INFO:cleanup_previous_update_action.cc(149)] Starting/resuming CleanupPreviousUpdateAction
update_engine_sideload I 05-08 04:47:25   560   560 [INFO:cleanup_previous_update_action.cc(189)] Boot completed, waiting on markBootSuccessful()
update_engine_sideload W 05-08 04:47:25   560   560 fs_mgr_fstab.cpp:304] [libfs_mgr]Warning: unknown flag: resize
update_engine_sideload I 05-08 04:47:25   560   560 fs_mgr.cpp:328] [libfs_mgr]superblock s_max_mnt_count:65535,/dev/block/by-name/metadata
update_engine_sideload I 05-08 04:47:25   560   560 fs_mgr.cpp:210] [libfs_mgr]check_fs(): mount(/dev/block/by-name/metadata,/metadata,ext4)=0: Success
update_engine_sideload I 05-08 04:47:25   560   560 fs_mgr.cpp:218] [libfs_mgr]check_fs(): unmount(/metadata) succeeded
update_engine_sideload I 05-08 04:47:25   560   560 fs_mgr.cpp:242] [libfs_mgr]Running /system/bin/e2fsck on /dev/block/sdc13
update_engine_sideload I 05-08 04:47:25   560   560 fs_mgr.cpp:829] [libfs_mgr]__mount(source=/dev/block/by-name/metadata,target=/metadata,type=ext4)=0: Success
update_engine_sideload E 05-08 04:47:25   560   560 snapshot.cpp:2425] Open failed: /metadata/ota: No such file or directory
update_engine_sideload W 05-08 04:47:25   560   560 snapshot.cpp:3364] /metadata is mounted, but errors occur when acquiring a shared lock. Subsequent calls to SnapshotManager will fail. Unmounting /metadata now.
update_engine_sideload E 05-08 04:47:25   560   560 [ERROR:cleanup_previous_update_action.cc(225)] Failed to mount /metadata.
update_engine_sideload I 05-08 04:47:25   560   560 [INFO:cleanup_previous_update_action.cc(130)] Stopping/suspending/completing CleanupPreviousUpdateAction
update_engine_sideload E 05-08 04:47:25   560   560 snapshot_stats.cpp:163] SnapshotMergeStats running_ == 0
update_engine_sideload W 05-08 04:47:25   560   560 [WARNING:cleanup_previous_update_action.cc(463)] Not reporting merge stats because SnapshotMergeStats::Finish failed.
update_engine_sideload I 05-08 04:47:25   560   560 [INFO:cleanup_previous_update_action.cc(130)] Stopping/suspending/completing CleanupPreviousUpdateAction
update_engine_sideload I 05-08 04:47:25   560   560 [INFO:action_processor.cc(116)] ActionProcessor: finished CleanupPreviousUpdateAction with code ErrorCode::kSuccess
update_engine_sideload I 05-08 04:47:25   560   560 [INFO:action_processor.cc(143)] ActionProcessor: starting InstallPlanAction
update_engine_sideload I 05-08 04:47:25   560   560 [INFO:action_processor.cc(116)] ActionProcessor: finished InstallPlanAction with code ErrorCode::kSuccess
update_engine_sideload I 05-08 04:47:25   560   560 [INFO:action_processor.cc(143)] ActionProcessor: starting DownloadAction
update_engine_sideload I 05-08 04:47:25   560   560 [INFO:install_plan.cc(79)] InstallPlan: 
type: new_update
version: 
source_slot: A
target_slot: B
initial url: file:///sideload/package.zip
hash_checks_mandatory: false
powerwash_required: false
switch_slot_on_reboot: true
run_post_install: true
is_rollback: false
rollback_data_save_requested: false
write_verity: true
Payload: 0
  urls: ()
  size: 2645251826
  metadata_size: 103073
  metadata_signature: 
  hash: 5D76C4975C0499C3C2031DE8C35CAB109ED9DFAD3D4630F4C74EC67F1E342E1D
  type: unknown
  fingerprint: 
  app_id: 
  already_applied: false
update_engine_sideload I 05-08 04:47:25   560   560 [INFO:download_action.cc(84)] Marking new slot as unbootable
update_engine_sideload I 05-08 04:47:25   560   560 [INFO:multi_range_http_fetcher.cc(45)] starting first transfer
update_engine_sideload I 05-08 04:47:25   560   560 [INFO:multi_range_http_fetcher.cc(74)] starting transfer of range 4555+2645251826
unknown fuse request opcode 2016
Step 1/2update_engine_sideload I 05-08 04:47:25   560   560 [INFO:delta_performer.cc(115)] Completed 0/? operations, 16384/2645251826 bytes downloaded (0%), overall progress 0%
update_engine_sideload I 05-08 04:47:25   560   560 [INFO:delta_performer.cc(346)] Manifest size in payload matches expected value from Omaha
update_engine_sideload I 05-08 04:47:25   560   560 [INFO:delta_performer.cc(1012)] Verifying using certificates: /system/etc/security/otacerts.zip
update_engine_sideload I 05-08 04:47:25   560   560 [INFO:delta_performer.cc(1049)] Detected a 'full' payload.
update_engine_sideload I 05-08 04:47:25   560   560 [INFO:delta_performer.cc(1120)] dpm does't have version, skipping downgrade check.
update_engine_sideload I 05-08 04:47:25   560   560 [INFO:delta_performer.cc(1120)] gz does't have version, skipping downgrade check.
update_engine_sideload I 05-08 04:47:25   560   560 [INFO:delta_performer.cc(1120)] lk does't have version, skipping downgrade check.
update_engine_sideload I 05-08 04:47:25   560   560 [INFO:delta_performer.cc(1120)] logo does't have version, skipping downgrade check.
update_engine_sideload I 05-08 04:47:25   560   560 [INFO:delta_performer.cc(1120)] mcupm does't have version, skipping downgrade check.
update_engine_sideload I 05-08 04:47:25   560   560 [INFO:delta_performer.cc(1120)] md1img does't have version, skipping downgrade check.
update_engine_sideload W 05-08 04:47:25   560   560 [WARNING:utils.cc(1024)] One of old/new timestamp is empty, permit update anyway. Old:  New: 1778135385
update_engine_sideload I 05-08 04:47:25   560   560 [INFO:delta_performer.cc(1120)] pi_img does't have version, skipping downgrade check.
update_engine_sideload I 05-08 04:47:25   560   560 [INFO:delta_performer.cc(1120)] preloader_raw does't have version, skipping downgrade check.
update_engine_sideload I 05-08 04:47:25   560   560 [INFO:delta_performer.cc(1120)] scp does't have version, skipping downgrade check.
update_engine_sideload I 05-08 04:47:25   560   560 [INFO:delta_performer.cc(1120)] spmfw does't have version, skipping downgrade check.
update_engine_sideload I 05-08 04:47:25   560   560 [INFO:delta_performer.cc(1120)] sspm does't have version, skipping downgrade check.
update_engine_sideload I 05-08 04:47:25   560   560 [INFO:delta_performer.cc(1120)] tee does't have version, skipping downgrade check.
update_engine_sideload I 05-08 04:47:25   560   560 [INFO:delta_performer.cc(1120)] vbmeta does't have version, skipping downgrade check.
update_engine_sideload I 05-08 04:47:25   560   560 [INFO:delta_performer.cc(1120)] vbmeta_system does't have version, skipping downgrade check.
update_engine_sideload I 05-08 04:47:25   560   560 [INFO:delta_performer.cc(1120)] vbmeta_vendor does't have version, skipping downgrade check.
update_engine_sideload I 05-08 04:47:25   560   560 [INFO:delta_performer.cc(1120)] vendor_boot does't have version, skipping downgrade check.
update_engine_sideload W 05-08 04:47:25   560   560 [WARNING:utils.cc(1024)] One of old/new timestamp is empty, permit update anyway. Old:  New: 1778135385
update_engine_sideload I 05-08 04:47:25   560   560 [INFO:delta_performer.cc(811)] Preparing partitions for new update. last hash = , new hash = XXbEl1wEmcPCAx3ow1yrEJ7Z3609RjD0x07Gfx40Lh0=wWLsFQdzOGp9n2ZlA0Z7HQfATwfCLJXde6BoGiUbVBY=
update_engine_sideload I 05-08 04:47:25   560   560 [INFO:delta_performer.cc(1394)] Resetting recorded hash for prepared partitions.
update_engine_sideload W 05-08 04:47:25   560   560 fs_mgr_fstab.cpp:304] [libfs_mgr]Warning: unknown flag: resize
update_engine_sideload W 05-08 04:47:25   560   560 fs_mgr_fstab.cpp:304] [libfs_mgr]Warning: unknown flag: resize
update_engine_sideload I 05-08 04:47:25   560   560 fs_mgr.cpp:328] [libfs_mgr]superblock s_max_mnt_count:65535,/dev/block/by-name/metadata
update_engine_sideload I 05-08 04:47:25   560   560 fs_mgr.cpp:210] [libfs_mgr]check_fs(): mount(/dev/block/by-name/metadata,/metadata,ext4)=0: Success
update_engine_sideload I 05-08 04:47:25   560   560 fs_mgr.cpp:218] [libfs_mgr]check_fs(): unmount(/metadata) succeeded
update_engine_sideload I 05-08 04:47:25   560   560 fs_mgr.cpp:242] [libfs_mgr]Running /system/bin/e2fsck on /dev/block/sdc13
update_engine_sideload I 05-08 04:47:25   560   560 fs_mgr.cpp:829] [libfs_mgr]__mount(source=/dev/block/by-name/metadata,target=/metadata,type=ext4)=0: Success
update_engine_sideload E 05-08 04:47:25   560   560 snapshot.cpp:2425] Open failed: /metadata/ota: No such file or directory
update_engine_sideload W 05-08 04:47:25   560   560 snapshot.cpp:3364] /metadata is mounted, but errors occur when acquiring a shared lock. Subsequent calls to SnapshotManager will fail. Unmounting /metadata now.
update_engine_sideload I 05-08 04:47:25   560   560 [INFO:dynamic_partition_control_android.cc(783)] Erasing AVB footer of system_other partition before update.
update_engine_sideload E 05-08 04:47:25   560   560 fs_mgr_fstab.cpp:703] [libfs_mgr]ReadFstabFromFile(): cannot open file: '/system/etc/fstab.postinstall': No such file or directory
update_engine_sideload W 05-08 04:47:25   560   560 [WARNING:dynamic_partition_control_android.cc(657)] Cannot read fstab from /system/etc/fstab.postinstall: No such file or directory (2)
update_engine_sideload I 05-08 04:47:25   560   560 [INFO:dynamic_partition_control_android.cc(684)] AVB is not enabled on system_other. Skip erasing.
update_engine_sideload E 05-08 04:47:25   560   560 [ERROR:dynamic_partition_control_android.cc(956)] ExpectMetadataMounted() failed.
update_engine_sideload I 05-08 04:47:25   560   560 [INFO:dynamic_partition_control_android.cc(524)] PrepareSnapshotPartitionsForUpdate failed in recovery. Attempt to overwrite existing partitions if possible
update_engine_sideload I 05-08 04:47:25   560   560 [INFO:dynamic_partition_control_android.cc(542)] Skip canceling previous update because metadata is not mounted
update_engine_sideload W 05-08 04:47:25   560   560 fs_mgr_fstab.cpp:304] [libfs_mgr]Warning: unknown flag: resize
update_engine_sideload E 05-08 04:47:25   560   560 builder.cpp:1047] [liblp]Device size does not match (got 9663676416, expected 8490450944)
update_engine_sideload I 05-08 04:47:25   560   560 [INFO:dynamic_partition_control_android.cc(356)] Created metadata for new update from slot A in /dev/block/by-name/super
update_engine_sideload I 05-08 04:47:25   560   560 [INFO:dynamic_partition_control_android.cc(1268)] Will overwrite existing partitions. Slot A may be unbootable until update finishes!
update_engine_sideload I 05-08 04:47:25   560   560 [INFO:dynamic_partition_control_android.cc(1006)] Not using snapshot on VAB device because sideloading.
update_engine_sideload I 05-08 04:47:25   560   560 [INFO:dynamic_partition_utils.cc(33)] Removing group main_b
update_engine_sideload E 05-08 04:47:25   560   560 [ERROR:dynamic_partition_control_android.cc(941)] The maximum size of all groups for the target slot (9659482112) has exceeded allocatable space for dynamic partitions 8489402368.
update_engine_sideload E 05-08 04:47:25   560   560 [ERROR:dynamic_partition_control_android.cc(1019)] CheckSuperPartitionAllocatableSpace(builder, manifest, false) failed.
update_engine_sideload E 05-08 04:47:25   560   560 [ERROR:dynamic_partition_control_android.cc(849)] UpdatePartitionMetadata(builder.get(), target_slot, manifest) failed.
update_engine_sideload E 05-08 04:47:25   560   560 [ERROR:dynamic_partition_control_android.cc(549)] PrepareDynamicPartitionsForUpdate( source_slot, target_slot, manifest, delete_source) failed.
update_engine_sideload E 05-08 04:47:25   560   560 [ERROR:delta_performer.cc(822)] Unable to initialize partition metadata for slot B
update_engine_sideload E 05-08 04:47:25   560   560 [ERROR:download_action.cc(222)] Error ErrorCode::kInstallDeviceOpenError (7) in DeltaPerformer's Write method when processing the received payload -- Terminating processing
update_engine_sideload I 05-08 04:47:25   560   560 [INFO:multi_range_http_fetcher.cc(177)] Received transfer terminated.
update_engine_sideload I 05-08 04:47:25   560   560 [INFO:multi_range_http_fetcher.cc(129)] TransferEnded w/ code 200
update_engine_sideload I 05-08 04:47:25   560   560 [INFO:multi_range_http_fetcher.cc(131)] Terminating.
update_engine_sideload I 05-08 04:47:25   560   560 [INFO:action_processor.cc(116)] ActionProcessor: finished DownloadAction with code ErrorCode::kInstallDeviceOpenError
update_engine_sideload I 05-08 04:47:25   560   560 [INFO:action_processor.cc(121)] ActionProcessor: Aborting processing due to failure.
update_engine_sideload I 05-08 04:47:25   560   560 [INFO:update_attempter_android.cc(546)] Processing Done.
Error applying update: 7 (ErrorCode::kInstallDeviceOpenError)Updater process ended with ERROR: 1
I:Trying to prepare system from super partition
I:Symlinking /dev/block/dm-4 => /dev/block/bootdevice/by-name/system 
I:Symlinking /dev/block/dm-4 => /dev/block/by-name/system 
/system_root | /dev/block/dm-4 | Size: 660MB Used: 660MB Free: 0MB Backup Size: 660MB
   Flags: Can_Be_Mounted IsPresent SlotSelect Mount_Read_Only Is_Super 
   Primary_Block_Device: /dev/block/dm-4
   Display_Name: System
   Storage_Name: System
   Backup_Path: /system_root
   Backup_Name: system
   Backup_Display_Name: System
   Storage_Path: /system_root
   Current_File_System: erofs
   Fstab_File_System: erofs
   Backup_Method: files

I:Trying to prepare vendor from super partition
I:Symlinking /dev/block/dm-6 => /dev/block/bootdevice/by-name/vendor 
I:Symlinking /dev/block/dm-6 => /dev/block/by-name/vendor 
/vendor | /dev/block/dm-6 | Size: 332MB Used: 332MB Free: 0MB Backup Size: 332MB
   Flags: Can_Be_Mounted IsPresent SlotSelect Mount_Read_Only Is_Super 
   Primary_Block_Device: /dev/block/dm-6
   Display_Name: Vendor
   Storage_Name: Vendor
   Backup_Path: /vendor
   Backup_Name: vendor
   Backup_Display_Name: Vendor
   Storage_Path: /vendor
   Current_File_System: erofs
   Fstab_File_System: erofs
   Backup_Method: files

I:Trying to prepare product from super partition
I:Symlinking /dev/block/dm-3 => /dev/block/bootdevice/by-name/product 
I:Symlinking /dev/block/dm-3 => /dev/block/by-name/product 
/product | /dev/block/dm-3 | Size: 944MB Used: 944MB Free: 0MB Backup Size: 944MB
   Flags: Can_Be_Mounted IsPresent SlotSelect Mount_Read_Only Is_Super 
   Primary_Block_Device: /dev/block/dm-3
   Display_Name: Product
   Storage_Name: Product
   Backup_Path: /product
   Backup_Name: Product
   Backup_Display_Name: Product
   Storage_Path: /product
   Current_File_System: erofs
   Fstab_File_System: erofs
   Backup_Method: files

I:Trying to prepare system_ext from super partition
I:Symlinking /dev/block/dm-5 => /dev/block/bootdevice/by-name/system_ext 
I:Symlinking /dev/block/dm-5 => /dev/block/by-name/system_ext 
/system_ext | /dev/block/dm-5 | Size: 452MB Used: 452MB Free: 0MB Backup Size: 452MB
   Flags: Can_Be_Mounted IsPresent SlotSelect Mount_Read_Only Is_Super 
   Primary_Block_Device: /dev/block/dm-5
   Display_Name: System_EXT
   Storage_Name: System_EXT
   Backup_Path: /system_ext
   Backup_Name: System_EXT
   Backup_Display_Name: System_EXT
   Storage_Path: /system_ext
   Current_File_System: erofs
   Fstab_File_System: erofs
   Backup_Method: files

I:Trying to prepare vendor_dlkm from super partition
I:Symlinking /dev/block/dm-7 => /dev/block/bootdevice/by-name/vendor_dlkm 
I:Symlinking /dev/block/dm-7 => /dev/block/by-name/vendor_dlkm 
/vendor_dlkm | /dev/block/dm-7 | Size: 11MB Used: 11MB Free: 0MB Backup Size: 11MB
   Flags: Can_Be_Mounted IsPresent SlotSelect Mount_Read_Only Is_Super 
   Primary_Block_Device: /dev/block/dm-7
   Display_Name: Vendor DLKM
   Storage_Name: Vendor DLKM
   Backup_Path: /vendor_dlkm
   Backup_Name: vendor_dlkm
   Backup_Display_Name: Vendor DLKM
   Storage_Path: /vendor_dlkm
   Current_File_System: erofs
   Fstab_File_System: erofs
   Backup_Method: files

I:Trying to prepare odm_dlkm from super partition
I:Symlinking /dev/block/dm-2 => /dev/block/bootdevice/by-name/odm_dlkm 
I:Symlinking /dev/block/dm-2 => /dev/block/by-name/odm_dlkm 
/odm_dlkm | /dev/block/dm-2 | Size: 0MB Used: 0MB Free: 0MB Backup Size: 0MB
   Flags: Can_Be_Mounted IsPresent SlotSelect Mount_Read_Only Is_Super 
   Primary_Block_Device: /dev/block/dm-2
   Display_Name: ODM DLKM
   Storage_Name: ODM DLKM
   Backup_Path: /odm_dlkm
   Backup_Name: odm_dlkm
   Backup_Display_Name: ODM DLKM
   Storage_Path: /odm_dlkm
   Current_File_System: erofs
   Fstab_File_System: erofs
   Backup_Method: files

Updating partition details...
I:Data backup size is 0MB, free: 230891MB.
...done
Devices on super may not mount until after rebooting recovery.
To flash additional zips, please reboot recovery to switch to the updated slot.
minadbd W 05-08 04:47:26   547   547 sockets.cpp:279] timeout expired while flushing socket, closing
minadbd I 05-08 04:47:26   547   557 minadbd_services.cpp:159] revents: 16
I:[MTP] Starting MTP
I:sending message to add 65537 '/external_sd' 'Micro SDCard'
I:Message sent, add storage ID: 65537 '/external_sd'
I:sending message to add 65539 '/data/media' 'Internal Storage'
I:Message sent, add storage ID: 65539 '/data/media'
I:Set overlay: ''
I:Set page: 'action_complete'
I:operation_end - status=1
I:[MTP] created new mtpserver object
I:[MTP] mtppipe add storage 65537 '/external_sd'
I:[MTP] mtppipe add storage 65539 '/data/media'
E:[MTP] error opening '/data/media' -- error: No such file or directory
