05-21 23:35:41.471   335   335 I auditd  : SELinux: Loaded service context from:
05-21 23:35:41.472   335   335 I auditd  : 		/system/etc/selinux/plat_service_contexts
05-21 23:35:41.472   335   335 I auditd  : 		/system_ext/etc/selinux/system_ext_service_contexts
05-21 23:35:41.472   335   335 I auditd  : 		/product/etc/selinux/product_service_contexts
05-21 23:35:41.472   335   335 I auditd  : 		/vendor/etc/selinux/vendor_service_contexts
05-21 23:35:41.472   335   335 I auditd  : 		/odm/etc/selinux/odm_service_contexts
05-21 23:35:42.636   554   554 I auditd  : type=1400 audit(0.0:5): avc:  denied  { search } for  comm="fsck.f2fs" name="sdc" dev="sysfs" ino=64903 scontext=u:r:fsck:s0 tcontext=u:object_r:sysfs_devices_block:s0 tclass=dir permissive=0
05-21 23:35:42.856   544   544 I auditd  : SELinux: Loaded keystore2 context from:
05-21 23:35:42.856   544   544 I auditd  : 		/system/etc/selinux/plat_keystore2_key_contexts
05-21 23:35:42.856   544   544 I auditd  : 		/system_ext/etc/selinux/system_ext_keystore2_key_contexts
05-21 23:35:42.856   544   544 I auditd  : 		/product/etc/selinux/product_keystore2_key_contexts
05-21 23:35:42.856   544   544 I auditd  : 		/vendor/etc/selinux/vendor_keystore2_key_contexts
05-21 23:35:45.405   581   581 I auditd  : SELinux: Loaded file context from:
05-21 23:35:45.405   581   581 I auditd  : 		/system/etc/selinux/plat_file_contexts
05-21 23:35:45.405   581   581 I auditd  : 		/system_ext/etc/selinux/system_ext_file_contexts
05-21 23:35:45.405   581   581 I auditd  : 		/product/etc/selinux/product_file_contexts
05-21 23:35:45.405   581   581 I auditd  : 		/vendor/etc/selinux/vendor_file_contexts
05-21 23:35:45.405   581   581 I auditd  : 		/odm/etc/selinux/odm_file_contexts
05-21 23:35:51.312   216   216 I auditd  : type=1400 audit(0.0:6): avc:  denied  { write } for  comm="init" name="vendor_de" dev="dm-44" ino=146 scontext=u:r:vendor_init:s0 tcontext=u:object_r:vendor_userdir_file:s0 tclass=dir permissive=0
05-21 23:35:51.312   216   216 I auditd  : type=1400 audit(0.0:7): avc:  denied  { write } for  comm="init" name="vendor_de" dev="dm-44" ino=146 scontext=u:r:vendor_init:s0 tcontext=u:object_r:vendor_userdir_file:s0 tclass=dir permissive=0
05-21 23:35:52.244   844   844 I auditd  : type=1400 audit(0.0:8): avc:  denied  { read } for  comm="audioserver" name="u:object_r:vendor_default_prop:s0" dev="tmpfs" ino=499 scontext=u:r:audioserver:s0 tcontext=u:object_r:vendor_default_prop:s0 tclass=file permissive=0
05-21 23:35:52.680   844   844 I auditd  : type=1400 audit(0.0:9): avc:  denied  { read } for  comm="audioserver" name="u:object_r:vendor_default_prop:s0" dev="tmpfs" ino=499 scontext=u:r:audioserver:s0 tcontext=u:object_r:vendor_default_prop:s0 tclass=file permissive=0
05-21 23:35:52.800   844   844 I auditd  : type=1400 audit(0.0:10): avc:  denied  { read } for  comm="audioserver" name="u:object_r:vendor_default_prop:s0" dev="tmpfs" ino=499 scontext=u:r:audioserver:s0 tcontext=u:object_r:vendor_default_prop:s0 tclass=file permissive=0
05-21 23:35:52.940   949   949 I auditd  : type=1400 audit(0.0:11): avc:  denied  { search } for  comm="android.hardwar" name="udc" dev="sysfs" ino=23062 scontext=u:r:mtk_hal_usb:s0 tcontext=u:object_r:sysfs_udc:s0 tclass=dir permissive=0
05-21 23:35:53.076     1     1 I auditd  : type=1107 audit(0.0:12): uid=0 auid=4294967295 ses=4294967295 subj=u:r:init:s0 msg='avc:  denied  { set } for property=vendor.tee.googlekey.status pid=1177 uid=1000 gid=1000 scontext=u:r:tee:s0 tcontext=u:object_r:vendor_mtk_trustonic_tee_prop:s0 tclass=property_service permissive=0'
05-21 23:35:53.112     1     1 I auditd  : type=1107 audit(0.0:13): uid=0 auid=4294967295 ses=4294967295 subj=u:r:init:s0 msg='avc:  denied  { set } for property=ro.boot.rpmb_status pid=1177 uid=1000 gid=1000 scontext=u:r:tee:s0 tcontext=u:object_r:bootloader_prop:s0 tclass=property_service permissive=0'
05-21 23:35:53.432   984   984 I auditd  : type=1400 audit(0.0:14): avc:  denied  { read } for  comm="camerahalserver" name="u:object_r:default_prop:s0" dev="tmpfs" ino=160 scontext=u:r:mtk_hal_camera:s0 tcontext=u:object_r:default_prop:s0 tclass=file permissive=0
05-21 23:35:53.432   984   984 I auditd  : type=1400 audit(0.0:15): avc:  denied  { read } for  comm="camerahalserver" name="u:object_r:default_prop:s0" dev="tmpfs" ino=160 scontext=u:r:mtk_hal_camera:s0 tcontext=u:object_r:default_prop:s0 tclass=file permissive=0
05-21 23:35:53.432   984   984 I auditd  : type=1400 audit(0.0:16): avc:  denied  { read } for  comm="camerahalserver" name="u:object_r:default_prop:s0" dev="tmpfs" ino=160 scontext=u:r:mtk_hal_camera:s0 tcontext=u:object_r:default_prop:s0 tclass=file permissive=0
05-21 23:35:53.432   984   984 I auditd  : type=1400 audit(0.0:17): avc:  denied  { read } for  comm="camerahalserver" name="u:object_r:default_prop:s0" dev="tmpfs" ino=160 scontext=u:r:mtk_hal_camera:s0 tcontext=u:object_r:default_prop:s0 tclass=file permissive=0
05-21 23:35:53.576  1261  1261 I auditd  : type=1400 audit(0.0:18): avc:  denied  { read } for  comm="bip" name="u:object_r:net_dns_prop:s0" dev="tmpfs" ino=287 scontext=u:r:bip:s0 tcontext=u:object_r:net_dns_prop:s0 tclass=file permissive=0
05-21 23:35:53.576  1261  1261 I auditd  : type=1400 audit(0.0:19): avc:  denied  { read } for  comm="bip" name="u:object_r:net_dns_prop:s0" dev="tmpfs" ino=287 scontext=u:r:bip:s0 tcontext=u:object_r:net_dns_prop:s0 tclass=file permissive=0
05-21 23:35:54.612   969   969 I auditd  : type=1400 audit(0.0:20): avc:  denied  { read } for  comm="binder:969_1" name="u:object_r:vendor_default_prop:s0" dev="tmpfs" ino=499 scontext=u:r:mediaserver:s0 tcontext=u:object_r:vendor_default_prop:s0 tclass=file permissive=0
05-21 23:36:03.364   364   364 I auditd  : type=1400 audit(0.0:21): avc:  denied  { read } for  comm="binder:364_2" name="/" dev="sdc14" ino=2 scontext=u:r:vold:s0 tcontext=u:object_r:persist_data_file:s0 tclass=dir permissive=0
05-21 23:36:04.188   543   543 I auditd  : type=1400 audit(0.0:22): avc:  denied  { read } for  comm="binder:543_7" name="name" dev="sysfs" ino=90849 scontext=u:r:system_suspend:s0 tcontext=u:object_r:sysfs:s0 tclass=file permissive=0
05-21 23:36:04.188   543   543 I auditd  : type=1400 audit(0.0:23): avc:  denied  { read } for  comm="binder:543_7" name="active_count" dev="sysfs" ino=90850 scontext=u:r:system_suspend:s0 tcontext=u:object_r:sysfs:s0 tclass=file permissive=0
05-21 23:36:04.188   543   543 I auditd  : type=1400 audit(0.0:24): avc:  denied  { read } for  comm="binder:543_7" name="last_change_ms" dev="sysfs" ino=90857 scontext=u:r:system_suspend:s0 tcontext=u:object_r:sysfs:s0 tclass=file permissive=0
05-21 23:36:04.188   543   543 I auditd  : type=1400 audit(0.0:25): avc:  denied  { read } for  comm="binder:543_7" name="max_time_ms" dev="sysfs" ino=90856 scontext=u:r:system_suspend:s0 tcontext=u:object_r:sysfs:s0 tclass=file permissive=0
05-21 23:36:04.188   543   543 I auditd  : type=1400 audit(0.0:26): avc:  denied  { read } for  comm="binder:543_7" name="total_time_ms" dev="sysfs" ino=90855 scontext=u:r:system_suspend:s0 tcontext=u:object_r:sysfs:s0 tclass=file permissive=0
05-21 23:36:04.188   543   543 I auditd  : type=1400 audit(0.0:27): avc:  denied  { read } for  comm="binder:543_7" name="active_time_ms" dev="sysfs" ino=90854 scontext=u:r:system_suspend:s0 tcontext=u:object_r:sysfs:s0 tclass=file permissive=0
05-21 23:36:04.188   543   543 I auditd  : type=1400 audit(0.0:28): avc:  denied  { read } for  comm="binder:543_7" name="event_count" dev="sysfs" ino=90851 scontext=u:r:system_suspend:s0 tcontext=u:object_r:sysfs:s0 tclass=file permissive=0
05-21 23:36:04.188   543   543 I auditd  : type=1400 audit(0.0:29): avc:  denied  { read } for  comm="binder:543_7" name="expire_count" dev="sysfs" ino=90853 scontext=u:r:system_suspend:s0 tcontext=u:object_r:sysfs:s0 tclass=file permissive=0
05-21 23:36:04.188   543   543 I auditd  : type=1400 audit(0.0:30): avc:  denied  { read } for  comm="binder:543_7" name="prevent_suspend_time_ms" dev="sysfs" ino=90858 scontext=u:r:system_suspend:s0 tcontext=u:object_r:sysfs:s0 tclass=file permissive=0
05-21 23:36:04.188   543   543 I auditd  : type=1400 audit(0.0:31): avc:  denied  { read } for  comm="binder:543_7" name="wakeup_count" dev="sysfs" ino=90852 scontext=u:r:system_suspend:s0 tcontext=u:object_r:sysfs:s0 tclass=file permissive=0
05-21 23:36:04.188   543   543 I auditd  : type=1400 audit(0.0:32): avc:  denied  { read } for  comm="binder:543_7" name="name" dev="sysfs" ino=39089 scontext=u:r:system_suspend:s0 tcontext=u:object_r:sysfs:s0 tclass=file permissive=0
05-21 23:36:04.188   543   543 I auditd  : type=1400 audit(0.0:33): avc:  denied  { read } for  comm="binder:543_7" name="active_count" dev="sysfs" ino=39090 scontext=u:r:system_suspend:s0 tcontext=u:object_r:sysfs:s0 tclass=file permissive=0
05-21 23:36:04.188   543   543 I auditd  : type=1400 audit(0.0:34): avc:  denied  { read } for  comm="binder:543_7" name="last_change_ms" dev="sysfs" ino=39097 scontext=u:r:system_suspend:s0 tcontext=u:object_r:sysfs:s0 tclass=file permissive=0
05-21 23:36:04.192   543   543 I auditd  : type=1400 audit(0.0:35): avc:  denied  { read } for  comm="binder:543_7" name="max_time_ms" dev="sysfs" ino=39096 scontext=u:r:system_suspend:s0 tcontext=u:object_r:sysfs:s0 tclass=file permissive=0
05-21 23:36:04.192   543   543 I auditd  : type=1400 audit(0.0:36): avc:  denied  { read } for  comm="binder:543_7" name="total_time_ms" dev="sysfs" ino=39095 scontext=u:r:system_suspend:s0 tcontext=u:object_r:sysfs:s0 tclass=file permissive=0
05-21 23:36:04.192   543   543 I auditd  : type=1400 audit(0.0:37): avc:  denied  { read } for  comm="binder:543_7" name="active_time_ms" dev="sysfs" ino=39094 scontext=u:r:system_suspend:s0 tcontext=u:object_r:sysfs:s0 tclass=file permissive=0
05-21 23:36:04.192   543   543 I auditd  : type=1400 audit(0.0:38): avc:  denied  { read } for  comm="binder:543_7" name="event_count" dev="sysfs" ino=39091 scontext=u:r:system_suspend:s0 tcontext=u:object_r:sysfs:s0 tclass=file permissive=0
05-21 23:36:04.192   543   543 I auditd  : type=1400 audit(0.0:39): avc:  denied  { read } for  comm="binder:543_7" name="expire_count" dev="sysfs" ino=39093 scontext=u:r:system_suspend:s0 tcontext=u:object_r:sysfs:s0 tclass=file permissive=0
05-21 23:36:04.192   543   543 I auditd  : type=1400 audit(0.0:40): avc:  denied  { read } for  comm="binder:543_7" name="prevent_suspend_time_ms" dev="sysfs" ino=39098 scontext=u:r:system_suspend:s0 tcontext=u:object_r:sysfs:s0 tclass=file permissive=0
05-21 23:36:04.192   543   543 I auditd  : type=1400 audit(0.0:41): avc:  denied  { read } for  comm="binder:543_7" name="wakeup_count" dev="sysfs" ino=39092 scontext=u:r:system_suspend:s0 tcontext=u:object_r:sysfs:s0 tclass=file permissive=0
05-21 23:36:04.192   543   543 I auditd  : type=1400 audit(0.0:42): avc:  denied  { read } for  comm="binder:543_7" name="name" dev="sysfs" ino=67305 scontext=u:r:system_suspend:s0 tcontext=u:object_r:sysfs:s0 tclass=file permissive=0
05-21 23:36:04.192   543   543 I auditd  : type=1400 audit(0.0:43): avc:  denied  { read } for  comm="binder:543_7" name="active_count" dev="sysfs" ino=67306 scontext=u:r:system_suspend:s0 tcontext=u:object_r:sysfs:s0 tclass=file permissive=0
05-21 23:36:04.192   543   543 I auditd  : type=1400 audit(0.0:44): avc:  denied  { read } for  comm="binder:543_7" name="last_change_ms" dev="sysfs" ino=67313 scontext=u:r:system_suspend:s0 tcontext=u:object_r:sysfs:s0 tclass=file permissive=0
05-21 23:36:04.192   543   543 I auditd  : type=1400 audit(0.0:45): avc:  denied  { read } for  comm="binder:543_7" name="max_time_ms" dev="sysfs" ino=67312 scontext=u:r:system_suspend:s0 tcontext=u:object_r:sysfs:s0 tclass=file permissive=0
05-21 23:36:04.192   543   543 I auditd  : type=1400 audit(0.0:46): avc:  denied  { read } for  comm="binder:543_7" name="total_time_ms" dev="sysfs" ino=67311 scontext=u:r:system_suspend:s0 tcontext=u:object_r:sysfs:s0 tclass=file permissive=0
05-21 23:36:04.192   543   543 I auditd  : type=1400 audit(0.0:47): avc:  denied  { read } for  comm="binder:543_7" name="active_time_ms" dev="sysfs" ino=67310 scontext=u:r:system_suspend:s0 tcontext=u:object_r:sysfs:s0 tclass=file permissive=0
05-21 23:36:04.192   543   543 I auditd  : type=1400 audit(0.0:48): avc:  denied  { read } for  comm="binder:543_7" name="event_count" dev="sysfs" ino=67307 scontext=u:r:system_suspend:s0 tcontext=u:object_r:sysfs:s0 tclass=file permissive=0
05-21 23:36:04.192   543   543 I auditd  : type=1400 audit(0.0:49): avc:  denied  { read } for  comm="binder:543_7" name="expire_count" dev="sysfs" ino=67309 scontext=u:r:system_suspend:s0 tcontext=u:object_r:sysfs:s0 tclass=file permissive=0
05-21 23:36:04.192   543   543 I auditd  : type=1400 audit(0.0:50): avc:  denied  { read } for  comm="binder:543_7" name="prevent_suspend_time_ms" dev="sysfs" ino=67314 scontext=u:r:system_suspend:s0 tcontext=u:object_r:sysfs:s0 tclass=file permissive=0
05-21 23:36:04.192   543   543 I auditd  : type=1400 audit(0.0:51): avc:  denied  { read } for  comm="binder:543_7" name="wakeup_count" dev="sysfs" ino=67308 scontext=u:r:system_suspend:s0 tcontext=u:object_r:sysfs:s0 tclass=file permissive=0
05-21 23:36:04.192   543   543 I auditd  : type=1400 audit(0.0:52): avc:  denied  { read } for  comm="binder:543_7" name="name" dev="sysfs" ino=83430 scontext=u:r:system_suspend:s0 tcontext=u:object_r:sysfs:s0 tclass=file permissive=0
05-21 23:36:04.192   543   543 I auditd  : type=1400 audit(0.0:53): avc:  denied  { read } for  comm="binder:543_7" name="active_count" dev="sysfs" ino=83431 scontext=u:r:system_suspend:s0 tcontext=u:object_r:sysfs:s0 tclass=file permissive=0
05-21 23:36:04.192   543   543 I auditd  : type=1400 audit(0.0:54): avc:  denied  { read } for  comm="binder:543_7" name="last_change_ms" dev="sysfs" ino=83438 scontext=u:r:system_suspend:s0 tcontext=u:object_r:sysfs:s0 tclass=file permissive=0
05-21 23:36:04.192   543   543 I auditd  : type=1400 audit(0.0:55): avc:  denied  { read } for  comm="binder:543_7" name="max_time_ms" dev="sysfs" ino=83437 scontext=u:r:system_suspend:s0 tcontext=u:object_r:sysfs:s0 tclass=file permissive=0
05-21 23:36:04.192   543   543 I auditd  : type=1400 audit(0.0:56): avc:  denied  { read } for  comm="binder:543_7" name="total_time_ms" dev="sysfs" ino=83436 scontext=u:r:system_suspend:s0 tcontext=u:object_r:sysfs:s0 tclass=file permissive=0
05-21 23:36:04.196   543   543 I auditd  : type=1400 audit(0.0:57): avc:  denied  { read } for  comm="binder:543_7" name="active_time_ms" dev="sysfs" ino=83435 scontext=u:r:system_suspend:s0 tcontext=u:object_r:sysfs:s0 tclass=file permissive=0
05-21 23:36:04.196   543   543 I auditd  : type=1400 audit(0.0:58): avc:  denied  { read } for  comm="binder:543_7" name="event_count" dev="sysfs" ino=83432 scontext=u:r:system_suspend:s0 tcontext=u:object_r:sysfs:s0 tclass=file permissive=0
05-21 23:36:04.196   543   543 I auditd  : type=1400 audit(0.0:59): avc:  denied  { read } for  comm="binder:543_7" name="expire_count" dev="sysfs" ino=83434 scontext=u:r:system_suspend:s0 tcontext=u:object_r:sysfs:s0 tclass=file permissive=0
05-21 23:36:04.196   543   543 I auditd  : type=1400 audit(0.0:60): avc:  denied  { read } for  comm="binder:543_7" name="prevent_suspend_time_ms" dev="sysfs" ino=83439 scontext=u:r:system_suspend:s0 tcontext=u:object_r:sysfs:s0 tclass=file permissive=0
05-21 23:36:04.196   543   543 I auditd  : type=1400 audit(0.0:61): avc:  denied  { read } for  comm="binder:543_7" name="wakeup_count" dev="sysfs" ino=83433 scontext=u:r:system_suspend:s0 tcontext=u:object_r:sysfs:s0 tclass=file permissive=0
05-21 23:36:04.240   543   543 I auditd  : type=1400 audit(0.0:62): avc:  denied  { read } for  comm="binder:543_7" name="name" dev="sysfs" ino=61158 scontext=u:r:system_suspend:s0 tcontext=u:object_r:sysfs_batteryinfo:s0 tclass=file permissive=0
05-21 23:36:04.240   543   543 I auditd  : type=1400 audit(0.0:63): avc:  denied  { read } for  comm="binder:543_7" name="active_count" dev="sysfs" ino=61159 scontext=u:r:system_suspend:s0 tcontext=u:object_r:sysfs_batteryinfo:s0 tclass=file permissive=0
05-21 23:36:04.240   543   543 I auditd  : type=1400 audit(0.0:64): avc:  denied  { read } for  comm="binder:543_7" name="last_change_ms" dev="sysfs" ino=61166 scontext=u:r:system_suspend:s0 tcontext=u:object_r:sysfs_batteryinfo:s0 tclass=file permissive=0
05-21 23:36:04.240   543   543 I auditd  : type=1400 audit(0.0:65): avc:  denied  { read } for  comm="binder:543_7" name="max_time_ms" dev="sysfs" ino=61165 scontext=u:r:system_suspend:s0 tcontext=u:object_r:sysfs_batteryinfo:s0 tclass=file permissive=0
05-21 23:36:04.240   543   543 I auditd  : type=1400 audit(0.0:66): avc:  denied  { read } for  comm="binder:543_7" name="total_time_ms" dev="sysfs" ino=61164 scontext=u:r:system_suspend:s0 tcontext=u:object_r:sysfs_batteryinfo:s0 tclass=file permissive=0
05-21 23:36:04.240   543   543 I auditd  : type=1400 audit(0.0:67): avc:  denied  { read } for  comm="binder:543_7" name="active_time_ms" dev="sysfs" ino=61163 scontext=u:r:system_suspend:s0 tcontext=u:object_r:sysfs_batteryinfo:s0 tclass=file permissive=0
05-21 23:36:04.240   543   543 I auditd  : type=1400 audit(0.0:68): avc:  denied  { read } for  comm="binder:543_7" name="event_count" dev="sysfs" ino=61160 scontext=u:r:system_suspend:s0 tcontext=u:object_r:sysfs_batteryinfo:s0 tclass=file permissive=0
05-21 23:36:04.240   543   543 I auditd  : type=1400 audit(0.0:69): avc:  denied  { read } for  comm="binder:543_7" name="expire_count" dev="sysfs" ino=61162 scontext=u:r:system_suspend:s0 tcontext=u:object_r:sysfs_batteryinfo:s0 tclass=file permissive=0
05-21 23:36:04.240   543   543 I auditd  : type=1400 audit(0.0:70): avc:  denied  { read } for  comm="binder:543_7" name="prevent_suspend_time_ms" dev="sysfs" ino=61167 scontext=u:r:system_suspend:s0 tcontext=u:object_r:sysfs_batteryinfo:s0 tclass=file permissive=0
05-21 23:36:04.240   543   543 I auditd  : type=1400 audit(0.0:71): avc:  denied  { read } for  comm="binder:543_7" name="wakeup_count" dev="sysfs" ino=61161 scontext=u:r:system_suspend:s0 tcontext=u:object_r:sysfs_batteryinfo:s0 tclass=file permissive=0
05-21 23:36:04.260   543   543 I auditd  : type=1400 audit(0.0:72): avc:  denied  { read } for  comm="binder:543_7" name="name" dev="sysfs" ino=66876 scontext=u:r:system_suspend:s0 tcontext=u:object_r:sysfs:s0 tclass=file permissive=0
05-21 23:36:04.260   543   543 I auditd  : type=1400 audit(0.0:73): avc:  denied  { read } for  comm="binder:543_7" name="active_count" dev="sysfs" ino=66877 scontext=u:r:system_suspend:s0 tcontext=u:object_r:sysfs:s0 tclass=file permissive=0
05-21 23:36:04.260   543   543 I auditd  : type=1400 audit(0.0:74): avc:  denied  { read } for  comm="binder:543_7" name="last_change_ms" dev="sysfs" ino=66884 scontext=u:r:system_suspend:s0 tcontext=u:object_r:sysfs:s0 tclass=file permissive=0
05-21 23:36:04.260   543   543 I auditd  : type=1400 audit(0.0:75): avc:  denied  { read } for  comm="binder:543_7" name="max_time_ms" dev="sysfs" ino=66883 scontext=u:r:system_suspend:s0 tcontext=u:object_r:sysfs:s0 tclass=file permissive=0
05-21 23:36:04.260   543   543 I auditd  : type=1400 audit(0.0:76): avc:  denied  { read } for  comm="binder:543_7" name="total_time_ms" dev="sysfs" ino=66882 scontext=u:r:system_suspend:s0 tcontext=u:object_r:sysfs:s0 tclass=file permissive=0
05-21 23:36:04.260   543   543 I auditd  : type=1400 audit(0.0:77): avc:  denied  { read } for  comm="binder:543_7" name="active_time_ms" dev="sysfs" ino=66881 scontext=u:r:system_suspend:s0 tcontext=u:object_r:sysfs:s0 tclass=file permissive=0
05-21 23:36:04.260   543   543 I auditd  : type=1400 audit(0.0:78): avc:  denied  { read } for  comm="binder:543_7" name="event_count" dev="sysfs" ino=66878 scontext=u:r:system_suspend:s0 tcontext=u:object_r:sysfs:s0 tclass=file permissive=0
05-21 23:36:04.260   543   543 I auditd  : type=1400 audit(0.0:79): avc:  denied  { read } for  comm="binder:543_7" name="expire_count" dev="sysfs" ino=66880 scontext=u:r:system_suspend:s0 tcontext=u:object_r:sysfs:s0 tclass=file permissive=0
05-21 23:36:04.260   543   543 I auditd  : type=1400 audit(0.0:80): avc:  denied  { read } for  comm="binder:543_7" name="prevent_suspend_time_ms" dev="sysfs" ino=66885 scontext=u:r:system_suspend:s0 tcontext=u:object_r:sysfs:s0 tclass=file permissive=0
05-21 23:36:04.260   543   543 I auditd  : type=1400 audit(0.0:81): avc:  denied  { read } for  comm="binder:543_7" name="wakeup_count" dev="sysfs" ino=66879 scontext=u:r:system_suspend:s0 tcontext=u:object_r:sysfs:s0 tclass=file permissive=0
05-21 23:36:04.296   543   543 I auditd  : type=1400 audit(0.0:82): avc:  denied  { read } for  comm="binder:543_7" name="name" dev="sysfs" ino=83393 scontext=u:r:system_suspend:s0 tcontext=u:object_r:sysfs:s0 tclass=file permissive=0
05-21 23:36:04.296   543   543 I auditd  : type=1400 audit(0.0:83): avc:  denied  { read } for  comm="binder:543_7" name="active_count" dev="sysfs" ino=83394 scontext=u:r:system_suspend:s0 tcontext=u:object_r:sysfs:s0 tclass=file permissive=0
05-21 23:36:04.296   543   543 I auditd  : type=1400 audit(0.0:84): avc:  denied  { read } for  comm="binder:543_7" name="last_change_ms" dev="sysfs" ino=83401 scontext=u:r:system_suspend:s0 tcontext=u:object_r:sysfs:s0 tclass=file permissive=0
05-21 23:36:04.296   543   543 I auditd  : type=1400 audit(0.0:85): avc:  denied  { read } for  comm="binder:543_7" name="max_time_ms" dev="sysfs" ino=83400 scontext=u:r:system_suspend:s0 tcontext=u:object_r:sysfs:s0 tclass=file permissive=0
05-21 23:36:04.296   543   543 I auditd  : type=1400 audit(0.0:86): avc:  denied  { read } for  comm="binder:543_7" name="total_time_ms" dev="sysfs" ino=83399 scontext=u:r:system_suspend:s0 tcontext=u:object_r:sysfs:s0 tclass=file permissive=0
05-21 23:36:04.296   543   543 I auditd  : type=1400 audit(0.0:87): avc:  denied  { read } for  comm="binder:543_7" name="active_time_ms" dev="sysfs" ino=83398 scontext=u:r:system_suspend:s0 tcontext=u:object_r:sysfs:s0 tclass=file permissive=0
05-21 23:36:04.296   543   543 I auditd  : type=1400 audit(0.0:88): avc:  denied  { read } for  comm="binder:543_7" name="event_count" dev="sysfs" ino=83395 scontext=u:r:system_suspend:s0 tcontext=u:object_r:sysfs:s0 tclass=file permissive=0
05-21 23:36:04.296   543   543 I auditd  : type=1400 audit(0.0:89): avc:  denied  { read } for  comm="binder:543_7" name="expire_count" dev="sysfs" ino=83397 scontext=u:r:system_suspend:s0 tcontext=u:object_r:sysfs:s0 tclass=file permissive=0
05-21 23:36:04.296   543   543 I auditd  : type=1400 audit(0.0:90): avc:  denied  { read } for  comm="binder:543_7" name="prevent_suspend_time_ms" dev="sysfs" ino=83402 scontext=u:r:system_suspend:s0 tcontext=u:object_r:sysfs:s0 tclass=file permissive=0
05-21 23:36:04.296   543   543 I auditd  : type=1400 audit(0.0:91): avc:  denied  { read } for  comm="binder:543_7" name="wakeup_count" dev="sysfs" ino=83396 scontext=u:r:system_suspend:s0 tcontext=u:object_r:sysfs:s0 tclass=file permissive=0
05-21 23:36:04.312   543   543 I auditd  : type=1400 audit(0.0:92): avc:  denied  { read } for  comm="binder:543_7" name="name" dev="sysfs" ino=61183 scontext=u:r:system_suspend:s0 tcontext=u:object_r:sysfs:s0 tclass=file permissive=0
05-21 23:36:04.312   543   543 I auditd  : type=1400 audit(0.0:93): avc:  denied  { read } for  comm="binder:543_7" name="active_count" dev="sysfs" ino=61184 scontext=u:r:system_suspend:s0 tcontext=u:object_r:sysfs:s0 tclass=file permissive=0
05-21 23:36:04.312   543   543 I auditd  : type=1400 audit(0.0:94): avc:  denied  { read } for  comm="binder:543_7" name="last_change_ms" dev="sysfs" ino=61191 scontext=u:r:system_suspend:s0 tcontext=u:object_r:sysfs:s0 tclass=file permissive=0
05-21 23:36:04.312   543   543 I auditd  : type=1400 audit(0.0:95): avc:  denied  { read } for  comm="binder:543_7" name="max_time_ms" dev="sysfs" ino=61190 scontext=u:r:system_suspend:s0 tcontext=u:object_r:sysfs:s0 tclass=file permissive=0
05-21 23:36:04.312   543   543 I auditd  : type=1400 audit(0.0:96): avc:  denied  { read } for  comm="binder:543_7" name="total_time_ms" dev="sysfs" ino=61189 scontext=u:r:system_suspend:s0 tcontext=u:object_r:sysfs:s0 tclass=file permissive=0
05-21 23:36:04.312   543   543 I auditd  : type=1400 audit(0.0:97): avc:  denied  { read } for  comm="binder:543_7" name="active_time_ms" dev="sysfs" ino=61188 scontext=u:r:system_suspend:s0 tcontext=u:object_r:sysfs:s0 tclass=file permissive=0
05-21 23:36:04.312   543   543 I auditd  : type=1400 audit(0.0:98): avc:  denied  { read } for  comm="binder:543_7" name="event_count" dev="sysfs" ino=61185 scontext=u:r:system_suspend:s0 tcontext=u:object_r:sysfs:s0 tclass=file permissive=0
05-21 23:36:04.312   543   543 I auditd  : type=1400 audit(0.0:99): avc:  denied  { read } for  comm="binder:543_7" name="expire_count" dev="sysfs" ino=61187 scontext=u:r:system_suspend:s0 tcontext=u:object_r:sysfs:s0 tclass=file permissive=0
05-21 23:36:04.312   543   543 I auditd  : type=1400 audit(0.0:100): avc:  denied  { read } for  comm="binder:543_7" name="prevent_suspend_time_ms" dev="sysfs" ino=61192 scontext=u:r:system_suspend:s0 tcontext=u:object_r:sysfs:s0 tclass=file permissive=0
05-21 23:36:04.312   543   543 I auditd  : type=1400 audit(0.0:101): avc:  denied  { read } for  comm="binder:543_7" name="wakeup_count" dev="sysfs" ino=61186 scontext=u:r:system_suspend:s0 tcontext=u:object_r:sysfs:s0 tclass=file permissive=0
05-21 23:36:04.316   949   949 I auditd  : type=1400 audit(0.0:102): avc:  denied  { search } for  comm="android.hardwar" name="udc" dev="sysfs" ino=23062 scontext=u:r:mtk_hal_usb:s0 tcontext=u:object_r:sysfs_udc:s0 tclass=dir permissive=0
05-21 23:36:07.528   949   949 I auditd  : type=1400 audit(0.0:103): avc:  denied  { search } for  comm="android.hardwar" name="udc" dev="sysfs" ino=23062 scontext=u:r:mtk_hal_usb:s0 tcontext=u:object_r:sysfs_udc:s0 tclass=dir permissive=0
05-21 23:36:08.175   335   335 I auditd  : avc:  denied  { find } for pid=571 uid=0 name=android.hardware.thermal.IThermal/default scontext=u:r:hal_power_default:s0 tcontext=u:object_r:hal_thermal_service:s0 tclass=service_manager permissive=0
05-21 23:36:09.320   949   949 I auditd  : type=1400 audit(0.0:104): avc:  denied  { search } for  comm="android.hardwar" name="udc" dev="sysfs" ino=23062 scontext=u:r:mtk_hal_usb:s0 tcontext=u:object_r:sysfs_udc:s0 tclass=dir permissive=0
05-21 23:36:09.572  1980  1980 I auditd  : type=1400 audit(0.0:105): avc:  denied  { read } for  comm="ndroid.systemui" name="u:object_r:usb_uvc_enabled_prop:s0" dev="tmpfs" ino=485 scontext=u:r:platform_app:s0:c512,c768 tcontext=u:object_r:usb_uvc_enabled_prop:s0 tclass=file permissive=0 app=com.android.systemui
05-21 23:36:09.660  1980  1980 I auditd  : type=1400 audit(0.0:106): avc:  denied  { read } for  comm="ndroid.systemui" name="u:object_r:usb_uvc_enabled_prop:s0" dev="tmpfs" ino=485 scontext=u:r:platform_app:s0:c512,c768 tcontext=u:object_r:usb_uvc_enabled_prop:s0 tclass=file permissive=0 app=com.android.systemui
05-21 23:36:09.676   969   969 I auditd  : type=1400 audit(0.0:107): avc:  denied  { read } for  comm="binder:969_2" name="u:object_r:vendor_default_prop:s0" dev="tmpfs" ino=499 scontext=u:r:mediaserver:s0 tcontext=u:object_r:vendor_default_prop:s0 tclass=file permissive=0
05-21 23:36:09.960  2752  2752 I auditd  : type=1400 audit(0.0:108): avc:  denied  { search } for  comm="fsck.exfat" name="mmc0" dev="sysfs" ino=58862 scontext=u:r:fsck_untrusted:s0 tcontext=u:object_r:sysfs_devices_block:s0 tclass=dir permissive=0
05-21 23:36:09.964  2752  2752 I auditd  : type=1400 audit(0.0:109): avc:  denied  { ioctl } for  comm="fsck.exfat" path="/dev/block/vold/public:179,1" dev="tmpfs" ino=1593 ioctlcmd=0x127b scontext=u:r:fsck_untrusted:s0 tcontext=u:object_r:vold_device:s0 tclass=blk_file permissive=0
05-21 23:36:15.236   949   949 I auditd  : type=1400 audit(0.0:110): avc:  denied  { search } for  comm="android.hardwar" name="udc" dev="sysfs" ino=23062 scontext=u:r:mtk_hal_usb:s0 tcontext=u:object_r:sysfs_udc:s0 tclass=dir permissive=0
05-21 23:36:15.408   335   335 I auditd  : avc:  denied  { find } for pid=3297 uid=10269 name=netstats scontext=u:r:em_app:s0:c512,c768 tcontext=u:object_r:netstats_service:s0 tclass=service_manager permissive=0
05-21 23:36:15.421   335   335 I auditd  : avc:  denied  { find } for pid=3297 uid=10269 name=content_capture scontext=u:r:em_app:s0:c512,c768 tcontext=u:object_r:content_capture_service:s0 tclass=service_manager permissive=0
05-21 23:36:18.613   335   335 I auditd  : avc:  denied  { find } for pid=2589 uid=10276 name=isub scontext=u:r:mediaprovider_app:s0:c20,c257,c512,c768 tcontext=u:object_r:radio_service:s0 tclass=service_manager permissive=0
05-21 23:36:18.614   335   335 I auditd  : avc:  denied  { find } for pid=2589 uid=10276 name=isub scontext=u:r:mediaprovider_app:s0:c20,c257,c512,c768 tcontext=u:object_r:radio_service:s0 tclass=service_manager permissive=0
05-21 23:36:18.660   335   335 I auditd  : avc:  denied  { find } for pid=2589 uid=10276 name=isub scontext=u:r:mediaprovider_app:s0:c20,c257,c512,c768 tcontext=u:object_r:radio_service:s0 tclass=service_manager permissive=0
05-21 23:36:18.661   335   335 I auditd  : avc:  denied  { find } for pid=2589 uid=10276 name=isub scontext=u:r:mediaprovider_app:s0:c20,c257,c512,c768 tcontext=u:object_r:radio_service:s0 tclass=service_manager permissive=0
05-21 23:36:18.680   335   335 I auditd  : avc:  denied  { find } for pid=2589 uid=10276 name=isub scontext=u:r:mediaprovider_app:s0:c20,c257,c512,c768 tcontext=u:object_r:radio_service:s0 tclass=service_manager permissive=0
05-21 23:36:18.681   335   335 I auditd  : avc:  denied  { find } for pid=2589 uid=10276 name=isub scontext=u:r:mediaprovider_app:s0:c20,c257,c512,c768 tcontext=u:object_r:radio_service:s0 tclass=service_manager permissive=0
05-21 23:36:25.432  1466  1466 I auditd  : type=1400 audit(0.0:111): avc:  denied  { read } for  comm="watchdog" name="transactions" dev="binder" ino=1048587 scontext=u:r:system_server:s0 tcontext=u:object_r:binderfs_logs_transactions:s0 tclass=file permissive=0
05-21 23:36:25.716  1466  1466 I auditd  : type=1400 audit(0.0:112): avc:  denied  { read } for  comm="watchdog" name="transactions" dev="binder" ino=1048587 scontext=u:r:system_server:s0 tcontext=u:object_r:binderfs_logs_transactions:s0 tclass=file permissive=0
05-21 23:36:25.776  1466  1466 I auditd  : type=1400 audit(0.0:113): avc:  denied  { read } for  comm="watchdog" name="transactions" dev="binder" ino=1048587 scontext=u:r:system_server:s0 tcontext=u:object_r:binderfs_logs_transactions:s0 tclass=file permissive=0
05-21 23:36:25.968  1466  1466 I auditd  : type=1400 audit(0.0:114): avc:  denied  { read } for  comm="watchdog" name="transactions" dev="binder" ino=1048587 scontext=u:r:system_server:s0 tcontext=u:object_r:binderfs_logs_transactions:s0 tclass=file permissive=0
05-21 23:36:26.032  1466  1466 I auditd  : type=1400 audit(0.0:115): avc:  denied  { read } for  comm="watchdog" name="transactions" dev="binder" ino=1048587 scontext=u:r:system_server:s0 tcontext=u:object_r:binderfs_logs_transactions:s0 tclass=file permissive=0
05-21 23:36:26.128  1466  1466 I auditd  : type=1400 audit(0.0:116): avc:  denied  { read } for  comm="watchdog" name="transactions" dev="binder" ino=1048587 scontext=u:r:system_server:s0 tcontext=u:object_r:binderfs_logs_transactions:s0 tclass=file permissive=0
05-21 23:36:26.172  1466  1466 I auditd  : type=1400 audit(0.0:117): avc:  denied  { read } for  comm="watchdog" name="transactions" dev="binder" ino=1048587 scontext=u:r:system_server:s0 tcontext=u:object_r:binderfs_logs_transactions:s0 tclass=file permissive=0
05-21 23:36:26.888  1466  1466 I auditd  : type=1400 audit(0.0:126): avc:  denied  { read } for  comm="watchdog" name="transactions" dev="binder" ino=1048587 scontext=u:r:system_server:s0 tcontext=u:object_r:binderfs_logs_transactions:s0 tclass=file permissive=0
05-21 23:36:26.976  1466  1466 I auditd  : type=1400 audit(0.0:127): avc:  denied  { read } for  comm="watchdog" name="transactions" dev="binder" ino=1048587 scontext=u:r:system_server:s0 tcontext=u:object_r:binderfs_logs_transactions:s0 tclass=file permissive=0
05-21 23:36:27.040  1466  1466 I auditd  : type=1400 audit(0.0:128): avc:  denied  { read } for  comm="watchdog" name="transactions" dev="binder" ino=1048587 scontext=u:r:system_server:s0 tcontext=u:object_r:binderfs_logs_transactions:s0 tclass=file permissive=0
05-21 23:36:27.128  1466  1466 I auditd  : type=1400 audit(0.0:129): avc:  denied  { read } for  comm="watchdog" name="transactions" dev="binder" ino=1048587 scontext=u:r:system_server:s0 tcontext=u:object_r:binderfs_logs_transactions:s0 tclass=file permissive=0
05-21 23:36:27.168  1466  1466 I auditd  : type=1400 audit(0.0:130): avc:  denied  { read } for  comm="watchdog" name="transactions" dev="binder" ino=1048587 scontext=u:r:system_server:s0 tcontext=u:object_r:binderfs_logs_transactions:s0 tclass=file permissive=0
05-21 23:36:27.960  1466  1466 I auditd  : type=1400 audit(0.0:144): avc:  denied  { read } for  comm="watchdog" name="transactions" dev="binder" ino=1048587 scontext=u:r:system_server:s0 tcontext=u:object_r:binderfs_logs_transactions:s0 tclass=file permissive=0
05-21 23:37:12.600   949   949 I auditd  : type=1400 audit(0.0:145): avc:  denied  { search } for  comm="android.hardwar" name="udc" dev="sysfs" ino=23062 scontext=u:r:mtk_hal_usb:s0 tcontext=u:object_r:sysfs_udc:s0 tclass=dir permissive=0
05-21 23:37:13.520   949   949 I auditd  : type=1400 audit(0.0:146): avc:  denied  { search } for  comm="android.hardwar" name="udc" dev="sysfs" ino=23062 scontext=u:r:mtk_hal_usb:s0 tcontext=u:object_r:sysfs_udc:s0 tclass=dir permissive=0
05-21 23:37:53.028   949   949 I auditd  : type=1400 audit(0.0:147): avc:  denied  { search } for  comm="android.hardwar" name="udc" dev="sysfs" ino=23062 scontext=u:r:mtk_hal_usb:s0 tcontext=u:object_r:sysfs_udc:s0 tclass=dir permissive=0
05-21 23:39:09.844  1466  1466 I auditd  : type=1400 audit(0.0:148): avc:  denied  { search } for  comm="CachedAppOptimi" name="irq" dev="proc" ino=4026531868 scontext=u:r:system_server:s0 tcontext=u:object_r:proc_irq:s0 tclass=dir permissive=0
05-21 23:39:09.844  1466  1466 I auditd  : type=1400 audit(0.0:149): avc:  denied  { search } for  comm="CachedAppOptimi" name="tkcore" dev="proc" ino=4026532173 scontext=u:r:system_server:s0 tcontext=u:object_r:proc_tkcore:s0 tclass=dir permissive=0
05-21 23:39:09.844  1466  1466 I auditd  : type=1400 audit(0.0:150): avc:  denied  { search } for  comm="CachedAppOptimi" name="dma_heap" dev="proc" ino=4026533840 scontext=u:r:system_server:s0 tcontext=u:object_r:proc_dmaheap:s0 tclass=dir permissive=0
05-21 23:40:43.436   949   949 I auditd  : type=1400 audit(0.0:151): avc:  denied  { search } for  comm="android.hardwar" name="udc" dev="sysfs" ino=23062 scontext=u:r:mtk_hal_usb:s0 tcontext=u:object_r:sysfs_udc:s0 tclass=dir permissive=0
05-21 23:41:27.592  1466  1466 I auditd  : type=1400 audit(0.0:152): avc:  denied  { search } for  comm="CachedAppOptimi" name="irq" dev="proc" ino=4026531868 scontext=u:r:system_server:s0 tcontext=u:object_r:proc_irq:s0 tclass=dir permissive=0
05-21 23:41:27.592  1466  1466 I auditd  : type=1400 audit(0.0:153): avc:  denied  { search } for  comm="CachedAppOptimi" name="tkcore" dev="proc" ino=4026532173 scontext=u:r:system_server:s0 tcontext=u:object_r:proc_tkcore:s0 tclass=dir permissive=0
05-21 23:41:27.592  1466  1466 I auditd  : type=1400 audit(0.0:154): avc:  denied  { search } for  comm="CachedAppOptimi" name="dma_heap" dev="proc" ino=4026533840 scontext=u:r:system_server:s0 tcontext=u:object_r:proc_dmaheap:s0 tclass=dir permissive=0
05-21 23:47:19.004   543   543 I auditd  : type=1400 audit(0.0:155): avc:  denied  { read } for  comm="suspend-service" name="name" dev="sysfs" ino=90849 scontext=u:r:system_suspend:s0 tcontext=u:object_r:sysfs:s0 tclass=file permissive=0
05-21 23:47:19.004   543   543 I auditd  : type=1400 audit(0.0:156): avc:  denied  { read } for  comm="suspend-service" name="active_count" dev="sysfs" ino=90850 scontext=u:r:system_suspend:s0 tcontext=u:object_r:sysfs:s0 tclass=file permissive=0
05-21 23:47:19.004   543   543 I auditd  : type=1400 audit(0.0:157): avc:  denied  { read } for  comm="suspend-service" name="last_change_ms" dev="sysfs" ino=90857 scontext=u:r:system_suspend:s0 tcontext=u:object_r:sysfs:s0 tclass=file permissive=0
05-21 23:47:19.004   543   543 I auditd  : type=1400 audit(0.0:158): avc:  denied  { read } for  comm="suspend-service" name="max_time_ms" dev="sysfs" ino=90856 scontext=u:r:system_suspend:s0 tcontext=u:object_r:sysfs:s0 tclass=file permissive=0
05-21 23:47:19.004   543   543 I auditd  : type=1400 audit(0.0:159): avc:  denied  { read } for  comm="suspend-service" name="total_time_ms" dev="sysfs" ino=90855 scontext=u:r:system_suspend:s0 tcontext=u:object_r:sysfs:s0 tclass=file permissive=0
05-21 23:47:19.004   543   543 I auditd  : type=1400 audit(0.0:160): avc:  denied  { read } for  comm="suspend-service" name="active_time_ms" dev="sysfs" ino=90854 scontext=u:r:system_suspend:s0 tcontext=u:object_r:sysfs:s0 tclass=file permissive=0
05-21 23:47:19.004   543   543 I auditd  : type=1400 audit(0.0:161): avc:  denied  { read } for  comm="suspend-service" name="event_count" dev="sysfs" ino=90851 scontext=u:r:system_suspend:s0 tcontext=u:object_r:sysfs:s0 tclass=file permissive=0
05-21 23:47:19.004   543   543 I auditd  : type=1400 audit(0.0:162): avc:  denied  { read } for  comm="suspend-service" name="expire_count" dev="sysfs" ino=90853 scontext=u:r:system_suspend:s0 tcontext=u:object_r:sysfs:s0 tclass=file permissive=0
05-21 23:47:19.004   543   543 I auditd  : type=1400 audit(0.0:163): avc:  denied  { read } for  comm="suspend-service" name="prevent_suspend_time_ms" dev="sysfs" ino=90858 scontext=u:r:system_suspend:s0 tcontext=u:object_r:sysfs:s0 tclass=file permissive=0
05-21 23:47:56.264  1466  1466 I auditd  : type=1400 audit(0.0:235): avc:  denied  { search } for  comm="CachedAppOptimi" name="irq" dev="proc" ino=4026531868 scontext=u:r:system_server:s0 tcontext=u:object_r:proc_irq:s0 tclass=dir permissive=0
05-21 23:47:56.264  1466  1466 I auditd  : type=1400 audit(0.0:236): avc:  denied  { search } for  comm="CachedAppOptimi" name="tkcore" dev="proc" ino=4026532173 scontext=u:r:system_server:s0 tcontext=u:object_r:proc_tkcore:s0 tclass=dir permissive=0
05-21 23:47:56.264  1466  1466 I auditd  : type=1400 audit(0.0:237): avc:  denied  { search } for  comm="CachedAppOptimi" name="dma_heap" dev="proc" ino=4026533840 scontext=u:r:system_server:s0 tcontext=u:object_r:proc_dmaheap:s0 tclass=dir permissive=0
05-21 23:58:15.288   543   543 I auditd  : type=1400 audit(0.0:238): avc:  denied  { read } for  comm="suspend-service" name="name" dev="sysfs" ino=90849 scontext=u:r:system_suspend:s0 tcontext=u:object_r:sysfs:s0 tclass=file permissive=0
05-21 23:58:15.288   543   543 I auditd  : type=1400 audit(0.0:239): avc:  denied  { read } for  comm="suspend-service" name="active_count" dev="sysfs" ino=90850 scontext=u:r:system_suspend:s0 tcontext=u:object_r:sysfs:s0 tclass=file permissive=0
05-21 23:58:15.288   543   543 I auditd  : type=1400 audit(0.0:240): avc:  denied  { read } for  comm="suspend-service" name="last_change_ms" dev="sysfs" ino=90857 scontext=u:r:system_suspend:s0 tcontext=u:object_r:sysfs:s0 tclass=file permissive=0
05-21 23:58:15.288   543   543 I auditd  : type=1400 audit(0.0:241): avc:  denied  { read } for  comm="suspend-service" name="max_time_ms" dev="sysfs" ino=90856 scontext=u:r:system_suspend:s0 tcontext=u:object_r:sysfs:s0 tclass=file permissive=0
05-21 23:58:15.288   543   543 I auditd  : type=1400 audit(0.0:242): avc:  denied  { read } for  comm="suspend-service" name="total_time_ms" dev="sysfs" ino=90855 scontext=u:r:system_suspend:s0 tcontext=u:object_r:sysfs:s0 tclass=file permissive=0
05-21 23:58:15.288   543   543 I auditd  : type=1400 audit(0.0:243): avc:  denied  { read } for  comm="suspend-service" name="active_time_ms" dev="sysfs" ino=90854 scontext=u:r:system_suspend:s0 tcontext=u:object_r:sysfs:s0 tclass=file permissive=0
05-21 23:58:15.288   543   543 I auditd  : type=1400 audit(0.0:244): avc:  denied  { read } for  comm="suspend-service" name="event_count" dev="sysfs" ino=90851 scontext=u:r:system_suspend:s0 tcontext=u:object_r:sysfs:s0 tclass=file permissive=0
05-21 23:59:02.488  1466  1466 I auditd  : type=1400 audit(0.0:318): avc:  denied  { search } for  comm="CachedAppOptimi" name="irq" dev="proc" ino=4026531868 scontext=u:r:system_server:s0 tcontext=u:object_r:proc_irq:s0 tclass=dir permissive=0
05-21 23:59:02.488  1466  1466 I auditd  : type=1400 audit(0.0:319): avc:  denied  { search } for  comm="CachedAppOptimi" name="tkcore" dev="proc" ino=4026532173 scontext=u:r:system_server:s0 tcontext=u:object_r:proc_tkcore:s0 tclass=dir permissive=0
05-21 23:59:02.488  1466  1466 I auditd  : type=1400 audit(0.0:320): avc:  denied  { search } for  comm="CachedAppOptimi" name="dma_heap" dev="proc" ino=4026533840 scontext=u:r:system_server:s0 tcontext=u:object_r:proc_dmaheap:s0 tclass=dir permissive=0
05-22 00:04:14.096  1466  1466 I auditd  : type=1400 audit(0.0:321): avc:  denied  { search } for  comm="CachedAppOptimi" name="irq" dev="proc" ino=4026531868 scontext=u:r:system_server:s0 tcontext=u:object_r:proc_irq:s0 tclass=dir permissive=0
05-22 00:04:14.096  1466  1466 I auditd  : type=1400 audit(0.0:322): avc:  denied  { search } for  comm="CachedAppOptimi" name="tkcore" dev="proc" ino=4026532173 scontext=u:r:system_server:s0 tcontext=u:object_r:proc_tkcore:s0 tclass=dir permissive=0
05-22 00:04:14.096  1466  1466 I auditd  : type=1400 audit(0.0:323): avc:  denied  { search } for  comm="CachedAppOptimi" name="dma_heap" dev="proc" ino=4026533840 scontext=u:r:system_server:s0 tcontext=u:object_r:proc_dmaheap:s0 tclass=dir permissive=0
05-22 00:05:38.400   543   543 I auditd  : type=1400 audit(0.0:324): avc:  denied  { read } for  comm="binder:543_1" name="name" dev="sysfs" ino=90849 scontext=u:r:system_suspend:s0 tcontext=u:object_r:sysfs:s0 tclass=file permissive=0
05-22 00:05:38.400   543   543 I auditd  : type=1400 audit(0.0:325): avc:  denied  { read } for  comm="binder:543_1" name="active_count" dev="sysfs" ino=90850 scontext=u:r:system_suspend:s0 tcontext=u:object_r:sysfs:s0 tclass=file permissive=0
05-22 00:05:38.400   543   543 I auditd  : type=1400 audit(0.0:326): avc:  denied  { read } for  comm="binder:543_1" name="last_change_ms" dev="sysfs" ino=90857 scontext=u:r:system_suspend:s0 tcontext=u:object_r:sysfs:s0 tclass=file permissive=0
05-22 00:05:38.400   543   543 I auditd  : type=1400 audit(0.0:327): avc:  denied  { read } for  comm="binder:543_1" name="max_time_ms" dev="sysfs" ino=90856 scontext=u:r:system_suspend:s0 tcontext=u:object_r:sysfs:s0 tclass=file permissive=0
05-22 00:05:38.400   543   543 I auditd  : type=1400 audit(0.0:328): avc:  denied  { read } for  comm="binder:543_1" name="total_time_ms" dev="sysfs" ino=90855 scontext=u:r:system_suspend:s0 tcontext=u:object_r:sysfs:s0 tclass=file permissive=0
05-22 00:05:38.400   543   543 I auditd  : type=1400 audit(0.0:329): avc:  denied  { read } for  comm="binder:543_1" name="active_time_ms" dev="sysfs" ino=90854 scontext=u:r:system_suspend:s0 tcontext=u:object_r:sysfs:s0 tclass=file permissive=0
05-22 00:05:38.400   543   543 I auditd  : type=1400 audit(0.0:330): avc:  denied  { read } for  comm="binder:543_1" name="event_count" dev="sysfs" ino=90851 scontext=u:r:system_suspend:s0 tcontext=u:object_r:sysfs:s0 tclass=file permissive=0
05-22 00:05:38.400   543   543 I auditd  : type=1400 audit(0.0:331): avc:  denied  { read } for  comm="binder:543_1" name="expire_count" dev="sysfs" ino=90853 scontext=u:r:system_suspend:s0 tcontext=u:object_r:sysfs:s0 tclass=file permissive=0
05-22 00:05:38.400   543   543 I auditd  : type=1400 audit(0.0:332): avc:  denied  { read } for  comm="binder:543_1" name="prevent_suspend_time_ms" dev="sysfs" ino=90858 scontext=u:r:system_suspend:s0 tcontext=u:object_r:sysfs:s0 tclass=file permissive=0
05-22 00:05:47.088  4470  4470 I auditd  : type=1400 audit(0.0:404): avc:  denied  { read } for  comm="commands.monkey" name="u:object_r:qemu_sf_lcd_density_prop:s0" dev="tmpfs" ino=323 scontext=u:r:shell:s0 tcontext=u:object_r:qemu_sf_lcd_density_prop:s0 tclass=file permissive=0
05-22 00:05:47.088  4470  4470 W commands.monkey: type=1400 audit(0.0:404): avc:  denied  { read } for  name="u:object_r:qemu_sf_lcd_density_prop:s0" dev="tmpfs" ino=323 scontext=u:r:shell:s0 tcontext=u:object_r:qemu_sf_lcd_density_prop:s0 tclass=file permissive=0
05-22 00:05:47.088  4470  4470 I auditd  : type=1400 audit(0.0:405): avc:  denied  { read } for  comm="commands.monkey" name="u:object_r:qemu_sf_lcd_density_prop:s0" dev="tmpfs" ino=323 scontext=u:r:shell:s0 tcontext=u:object_r:qemu_sf_lcd_density_prop:s0 tclass=file permissive=0
05-22 00:05:47.088  4470  4470 W commands.monkey: type=1400 audit(0.0:405): avc:  denied  { read } for  name="u:object_r:qemu_sf_lcd_density_prop:s0" dev="tmpfs" ino=323 scontext=u:r:shell:s0 tcontext=u:object_r:qemu_sf_lcd_density_prop:s0 tclass=file permissive=0
05-22 00:05:47.188  4481  4481 D nativeloader: InitLlndkLibrariesProduct: libEGL.so:libGLESv1_CM.so:libGLESv2.so:libGLESv3.so:libRS.so:libandroid_net.so:libapexsupport.so:libavf.so:libbinder_ndk.so:libc.so:libcgrouprc.so:libclang_rt.asan-aarch64-android.so:libclang_rt.asan-arm-android.so:libclang_rt.hwasan-aarch64-android.so:libcom.android.tethering.connectivity_native.so:libdl.so:libft2.so:liblog.so:libm.so:libmediandk.so:libnativewindow.so:libneuralnetworks.so:libselinux.so:libsync.so:libvendorsupport.so:libvndksupport.so:libvulkan.so
05-22 00:05:48.259  4549  4549 D nativeloader: InitLlndkLibrariesProduct: libEGL.so:libGLESv1_CM.so:libGLESv2.so:libGLESv3.so:libRS.so:libandroid_net.so:libapexsupport.so:libavf.so:libbinder_ndk.so:libc.so:libcgrouprc.so:libclang_rt.asan-aarch64-android.so:libclang_rt.asan-arm-android.so:libclang_rt.hwasan-aarch64-android.so:libcom.android.tethering.connectivity_native.so:libdl.so:libft2.so:liblog.so:libm.so:libmediandk.so:libnativewindow.so:libneuralnetworks.so:libselinux.so:libsync.so:libvendorsupport.so:libvndksupport.so:libvulkan.so
05-22 00:05:56.722  4622  4622 D nativeloader: InitLlndkLibrariesProduct: libEGL.so:libGLESv1_CM.so:libGLESv2.so:libGLESv3.so:libRS.so:libandroid_net.so:libapexsupport.so:libavf.so:libbinder_ndk.so:libc.so:libcgrouprc.so:libclang_rt.asan-aarch64-android.so:libclang_rt.asan-arm-android.so:libclang_rt.hwasan-aarch64-android.so:libcom.android.tethering.connectivity_native.so:libdl.so:libft2.so:liblog.so:libm.so:libmediandk.so:libnativewindow.so:libneuralnetworks.so:libselinux.so:libsync.so:libvendorsupport.so:libvndksupport.so:libvulkan.so
05-22 00:06:08.188  4470  4470 I auditd  : type=1400 audit(0.0:406): avc:  denied  { write } for  comm="commands.monkey" name="event0" dev="tmpfs" ino=778 scontext=u:r:shell:s0 tcontext=u:object_r:input_device:s0 tclass=chr_file permissive=0
05-22 00:06:08.188  4470  4470 W commands.monkey: type=1400 audit(0.0:406): avc:  denied  { write } for  name="event0" dev="tmpfs" ino=778 scontext=u:r:shell:s0 tcontext=u:object_r:input_device:s0 tclass=chr_file permissive=0
05-22 00:06:10.120  4687  4687 D nativeloader: InitLlndkLibrariesProduct: libEGL.so:libGLESv1_CM.so:libGLESv2.so:libGLESv3.so:libRS.so:libandroid_net.so:libapexsupport.so:libavf.so:libbinder_ndk.so:libc.so:libcgrouprc.so:libclang_rt.asan-aarch64-android.so:libclang_rt.asan-arm-android.so:libclang_rt.hwasan-aarch64-android.so:libcom.android.tethering.connectivity_native.so:libdl.so:libft2.so:liblog.so:libm.so:libmediandk.so:libnativewindow.so:libneuralnetworks.so:libselinux.so:libsync.so:libvendorsupport.so:libvndksupport.so:libvulkan.so
05-22 00:06:10.392   335   335 I auditd  : avc:  denied  { find } for pid=4723 uid=99000 name=content_capture scontext=u:r:isolated_app:s0:c512,c768 tcontext=u:object_r:content_capture_service:s0 tclass=service_manager permissive=0
05-22 00:06:18.780  4470  4470 I auditd  : type=1400 audit(0.0:407): avc:  denied  { write } for  comm="commands.monkey" name="event0" dev="tmpfs" ino=778 scontext=u:r:shell:s0 tcontext=u:object_r:input_device:s0 tclass=chr_file permissive=0
05-22 00:06:18.780  4470  4470 W commands.monkey: type=1400 audit(0.0:407): avc:  denied  { write } for  name="event0" dev="tmpfs" ino=778 scontext=u:r:shell:s0 tcontext=u:object_r:input_device:s0 tclass=chr_file permissive=0
05-22 00:06:21.576  4470  4470 I auditd  : type=1400 audit(0.0:408): avc:  denied  { write } for  comm="commands.monkey" name="event0" dev="tmpfs" ino=778 scontext=u:r:shell:s0 tcontext=u:object_r:input_device:s0 tclass=chr_file permissive=0
05-22 00:06:21.576  4470  4470 W commands.monkey: type=1400 audit(0.0:408): avc:  denied  { write } for  name="event0" dev="tmpfs" ino=778 scontext=u:r:shell:s0 tcontext=u:object_r:input_device:s0 tclass=chr_file permissive=0
05-22 00:06:33.425  4994  4994 D nativeloader: InitLlndkLibrariesProduct: libEGL.so:libGLESv1_CM.so:libGLESv2.so:libGLESv3.so:libRS.so:libandroid_net.so:libapexsupport.so:libavf.so:libbinder_ndk.so:libc.so:libcgrouprc.so:libclang_rt.asan-aarch64-android.so:libclang_rt.asan-arm-android.so:libclang_rt.hwasan-aarch64-android.so:libcom.android.tethering.connectivity_native.so:libdl.so:libft2.so:liblog.so:libm.so:libmediandk.so:libnativewindow.so:libneuralnetworks.so:libselinux.so:libsync.so:libvendorsupport.so:libvndksupport.so:libvulkan.so
05-22 00:06:39.075  5069  5069 D nativeloader: InitLlndkLibrariesProduct: libEGL.so:libGLESv1_CM.so:libGLESv2.so:libGLESv3.so:libRS.so:libandroid_net.so:libapexsupport.so:libavf.so:libbinder_ndk.so:libc.so:libcgrouprc.so:libclang_rt.asan-aarch64-android.so:libclang_rt.asan-arm-android.so:libclang_rt.hwasan-aarch64-android.so:libcom.android.tethering.connectivity_native.so:libdl.so:libft2.so:liblog.so:libm.so:libmediandk.so:libnativewindow.so:libneuralnetworks.so:libselinux.so:libsync.so:libvendorsupport.so:libvndksupport.so:libvulkan.so
05-22 00:06:44.176  4470  4470 I auditd  : type=1400 audit(0.0:409): avc:  denied  { write } for  comm="commands.monkey" name="event0" dev="tmpfs" ino=778 scontext=u:r:shell:s0 tcontext=u:object_r:input_device:s0 tclass=chr_file permissive=0
05-22 00:06:44.176  4470  4470 W commands.monkey: type=1400 audit(0.0:409): avc:  denied  { write } for  name="event0" dev="tmpfs" ino=778 scontext=u:r:shell:s0 tcontext=u:object_r:input_device:s0 tclass=chr_file permissive=0
05-22 00:06:44.580  4470  4470 I auditd  : type=1400 audit(0.0:410): avc:  denied  { write } for  comm="commands.monkey" name="event0" dev="tmpfs" ino=778 scontext=u:r:shell:s0 tcontext=u:object_r:input_device:s0 tclass=chr_file permissive=0
05-22 00:06:44.580  4470  4470 W commands.monkey: type=1400 audit(0.0:410): avc:  denied  { write } for  name="event0" dev="tmpfs" ino=778 scontext=u:r:shell:s0 tcontext=u:object_r:input_device:s0 tclass=chr_file permissive=0
